Component: ARM Compiler 5.06 update 7 (build 960) Tool: armlink [4d3601]

==============================================================================

Section Cross References

    startup_lpc17xx.o(STACK) refers (Special) to heapauxi.o(.text) for __use_two_region_memory
    startup_lpc17xx.o(HEAP) refers (Special) to heapauxi.o(.text) for __use_two_region_memory
    startup_lpc17xx.o(RESET) refers (Special) to heapauxi.o(.text) for __use_two_region_memory
    startup_lpc17xx.o(RESET) refers to startup_lpc17xx.o(STACK) for __initial_sp
    startup_lpc17xx.o(RESET) refers to startup_lpc17xx.o(.text) for Reset_Handler
    startup_lpc17xx.o(RESET) refers to irq_timer.o(.text) for TIMER0_IRQHandler
    startup_lpc17xx.o(RESET) refers to irq_adc.o(.text) for ADC_IRQHandler
    startup_lpc17xx.o(RESET) refers to irq_rit.o(.text) for RIT_IRQHandler
    startup_lpc17xx.o(.ARM.__at_0x02FC) refers (Special) to heapauxi.o(.text) for __use_two_region_memory
    startup_lpc17xx.o(.text) refers (Special) to heapauxi.o(.text) for __use_two_region_memory
    startup_lpc17xx.o(.text) refers to __main.o(!!!main) for __main
    startup_lpc17xx.o(.text) refers to startup_lpc17xx.o(HEAP) for Heap_Mem
    startup_lpc17xx.o(.text) refers to startup_lpc17xx.o(STACK) for Stack_Mem
    sample.o(.text) refers to system_lpc17xx.o(.text) for SystemInit
    sample.o(.text) refers to glcd.o(.text) for LCD_Initialization
    sample.o(.text) refers to touchpanel.o(.text) for TP_Init
    sample.o(.text) refers to lib_timer.o(.text) for init_timer
    sample.o(.text) refers to lib_joystick.o(.text) for joystick_init
    sample.o(.text) refers to lib_rit.o(.text) for init_RIT
    sample.o(.text) refers to lib_adc.o(.text) for ADC_init
    sample.o(.text) refers to tamagotchi.o(.text) for Tamagotchi_Init
    system_lpc17xx.o(.text) refers to system_lpc17xx.o(.data) for .data
    irq_timer.o(.text) refers to lib_timer.o(.text) for get_animation_type
    irq_timer.o(.text) refers to pet.o(.text) for pet_animation_idle2
    irq_timer.o(.text) refers to tamagotchi.o(.text) for play_eat_sound
    irq_timer.o(.text) refers to lib_rit.o(.text) for disable_RIT
    irq_timer.o(.text) refers to irq_adc.o(.text) for get_volume
    irq_timer.o(.text) refers to fflt_clz.o(x$fpl$ffltu) for __aeabi_ui2f
    irq_timer.o(.text) refers to fmul.o(x$fpl$fmul) for __aeabi_fmul
    irq_timer.o(.text) refers to scalbnf.o(x$fpl$scalbnf) for __ARM_scalbnf
    irq_timer.o(.text) refers to f2d.o(x$fpl$f2d) for __aeabi_f2d
    irq_timer.o(.text) refers to dmul.o(x$fpl$dmul) for __aeabi_dmul
    irq_timer.o(.text) refers to dfixu.o(x$fpl$dfixu) for __aeabi_d2uiz
    irq_timer.o(.text) refers to irq_timer.o(.data) for .data
    lib_timer.o(.text) refers to lib_timer.o(.data) for .data
    asciilib.o(.text) refers to rt_memcpy_v6.o(.text) for __aeabi_memcpy
    asciilib.o(.text) refers to asciilib.o(.constdata) for .constdata
    glcd.o(.text) refers to glcd.o(.data) for .data
    glcd.o(.text) refers to asciilib.o(.text) for GetASCIICode
    hzlib.o(.text) refers to rt_memcpy_v6.o(.text) for __aeabi_memcpy
    hzlib.o(.text) refers to hzlib.o(.constdata) for .constdata
    pet.o(.text) refers to glcd.o(.text) for LCD_SetPoint
    pet.o(.text) refers to pet.o(.data) for .data
    pet.o(.text) refers to pet.o(.bss) for .bss
    pet.o(.data) refers to pet.o(.data) for speaker_volume0
    pet.o(.data) refers to pet.o(.data) for speaker_volume1
    pet.o(.data) refers to pet.o(.data) for speaker_volume2
    pet.o(.data) refers to pet.o(.data) for speaker_volume3
    pet.o(.data) refers to pet.o(.bss) for black_matrix
    pet.o(.data) refers to pet.o(.data) for ghost_1
    pet.o(.data) refers to pet.o(.data) for ghost_2
    pet.o(.data) refers to pet.o(.data) for ghost_3
    pet.o(.data) refers to pet.o(.data) for ghost_4
    pet.o(.data) refers to pet.o(.data) for ghost_5
    tamagotchi.o(.text) refers to _printf_pad.o(.text) for _printf_pre_padding
    tamagotchi.o(.text) refers to _printf_percent.o(.ARM.Collect$$_printf_percent$$00000000) for _printf_percent
    tamagotchi.o(.text) refers to _printf_d.o(.ARM.Collect$$_printf_percent$$00000009) for _printf_d
    tamagotchi.o(.text) refers to _printf_dec.o(.text) for _printf_int_dec
    tamagotchi.o(.text) refers to music.o(.text) for isNotePlaying
    tamagotchi.o(.text) refers to glcd.o(.text) for GUI_Text
    tamagotchi.o(.text) refers to tamagotchi.o(.data) for .data
    tamagotchi.o(.text) refers to pet.o(.text) for stats_init_satiety_ghosts
    tamagotchi.o(.text) refers to irq_adc.o(.text) for update_volume
    tamagotchi.o(.text) refers to lib_timer.o(.text) for disable_timer
    tamagotchi.o(.text) refers to touchpanel.o(.text) for DelayUS
    tamagotchi.o(.text) refers to noretval__2sprintf.o(.text) for __2sprintf
    tamagotchi.o(.text) refers to irq_timer.o(.data) for HoChiamatoGameOver
    irq_rit.o(.text) refers to lib_adc.o(.text) for ADC_start_conversion
[...]
    libinit2.o(.ARM.Collect$$libinit$$00000016) refers to libinit2.o(.ARM.Collect$$libinit$$0000000F) for .ARM.Collect$$libinit$$0000000F
    libinit2.o(.ARM.Collect$$libinit$$00000018) refers to libinit2.o(.ARM.Collect$$libinit$$0000000F) for .ARM.Collect$$libinit$$0000000F
    libinit2.o(.ARM.Collect$$libinit$$00000026) refers to argv_veneer.o(.emb_text) for __ARM_argv_veneer
    libinit2.o(.ARM.Collect$$libinit$$00000027) refers to argv_veneer.o(.emb_text) for __ARM_argv_veneer
    rtexit2.o(.ARM.Collect$$rtexit$$00000003) refers to libshutdown.o(.ARM.Collect$$libshutdown$$00000000) for __rt_lib_shutdown
    rtexit2.o(.ARM.Collect$$rtexit$$00000004) refers to sys_exit.o(.text) for _sys_exit
    rtexit2.o(.ARM.exidx) refers to rtexit2.o(.ARM.Collect$$rtexit$$00000001) for .ARM.Collect$$rtexit$$00000001
    rtexit2.o(.ARM.exidx) refers to rtexit2.o(.ARM.Collect$$rtexit$$00000003) for .ARM.Collect$$rtexit$$00000003
    rtexit2.o(.ARM.exidx) refers to rtexit2.o(.ARM.Collect$$rtexit$$00000004) for .ARM.Collect$$rtexit$$00000004
    argv_veneer.o(.emb_text) refers to no_argv.o(.text) for __ARM_get_argv
    sys_exit.o(.text) refers (Special) to use_no_semi.o(.text) for __I$use$semihosting
    sys_exit.o(.text) refers (Special) to indicate_semi.o(.text) for __semihosting_library_function
    _get_argv_nomalloc.o(.text) refers (Special) to hrguard.o(.text) for __heap_region$guard
    _get_argv_nomalloc.o(.text) refers to defsig_rtmem_outer.o(.text) for __rt_SIGRTMEM
    _get_argv_nomalloc.o(.text) refers to sys_command.o(.text) for _sys_command_string
    libshutdown.o(.ARM.Collect$$libshutdown$$00000000) refers (Special) to libshutdown2.o(.ARM.Collect$$libshutdown$$00000004) for __rt_lib_shutdown_cpp_1
    libshutdown.o(.ARM.Collect$$libshutdown$$00000000) refers (Special) to libshutdown2.o(.ARM.Collect$$libshutdown$$00000002) for __rt_lib_shutdown_fini_1
    libshutdown.o(.ARM.Collect$$libshutdown$$00000000) refers (Special) to libshutdown2.o(.ARM.Collect$$libshutdown$$00000009) for __rt_lib_shutdown_fp_trap_1
    libshutdown.o(.ARM.Collect$$libshutdown$$00000000) refers (Special) to libshutdown2.o(.ARM.Collect$$libshutdown$$00000011) for __rt_lib_shutdown_heap_1
    libshutdown.o(.ARM.Collect$$libshutdown$$00000000) refers (Special) to libshutdown2.o(.ARM.Collect$$libshutdown$$00000012) for __rt_lib_shutdown_return
    libshutdown.o(.ARM.Collect$$libshutdown$$00000000) refers (Special) to libshutdown2.o(.ARM.Collect$$libshutdown$$0000000C) for __rt_lib_shutdown_signal_1
    libshutdown.o(.ARM.Collect$$libshutdown$$00000000) refers (Special) to libshutdown2.o(.ARM.Collect$$libshutdown$$00000006) for __rt_lib_shutdown_stdio_1
    libshutdown.o(.ARM.Collect$$libshutdown$$00000000) refers (Special) to libshutdown2.o(.ARM.Collect$$libshutdown$$0000000E) for __rt_lib_shutdown_user_alloc_1
    sys_command.o(.text) refers (Special) to use_no_semi.o(.text) for __I$use$semihosting
    sys_command.o(.text) refers (Special) to indicate_semi.o(.text) for __semihosting_library_function
    defsig_rtmem_outer.o(.text) refers to defsig_rtmem_inner.o(.text) for __rt_SIGRTMEM_inner
    defsig_rtmem_outer.o(.text) refers to defsig_exit.o(.text) for __sig_exit
    defsig_rtmem_formal.o(.text) refers to rt_raise.o(.text) for __rt_raise
    rt_raise.o(.text) refers to __raise.o(.text) for __raise
    rt_raise.o(.text) refers to sys_exit.o(.text) for _sys_exit
    defsig_exit.o(.text) refers to sys_exit.o(.text) for _sys_exit
    defsig_rtmem_inner.o(.text) refers to defsig_general.o(.text) for __default_signal_display
    __raise.o(.text) refers to defsig.o(CL$$defsig) for __default_signal_handler
    defsig_general.o(.text) refers to sys_wrch.o(.text) for _ttywrch
    sys_wrch.o(.text) refers (Special) to use_no_semi.o(.text) for __I$use$semihosting
    sys_wrch.o(.text) refers (Special) to indicate_semi.o(.text) for __semihosting_library_function
    defsig.o(CL$$defsig) refers to defsig_rtmem_inner.o(.text) for __rt_SIGRTMEM_inner
    defsig_abrt_inner.o(.text) refers to defsig_general.o(.text) for __default_signal_display
    defsig_fpe_inner.o(.text) refers to defsig_general.o(.text) for __default_signal_display
    defsig_rtred_inner.o(.text) refers to defsig_general.o(.text) for __default_signal_display
    defsig_stak_inner.o(.text) refers to defsig_general.o(.text) for __default_signal_display
    defsig_pvfn_inner.o(.text) refers to defsig_general.o(.text) for __default_signal_display
    defsig_cppl_inner.o(.text) refers to defsig_general.o(.text) for __default_signal_display
    defsig_segv_inner.o(.text) refers to defsig_general.o(.text) for __default_signal_display
    defsig_other.o(.text) refers to defsig_general.o(.text) for __default_signal_display


==============================================================================

Removing Unused input sections from the image.

    Removing sample.o(.rev16_text), (4 bytes).
    Removing sample.o(.revsh_text), (4 bytes).
    Removing sample.o(.rrx_text), (6 bytes).
    Removing core_cm3.o(.emb_text), (32 bytes).
    Removing system_lpc17xx.o(.rev16_text), (4 bytes).
    Removing system_lpc17xx.o(.revsh_text), (4 bytes).
    Removing system_lpc17xx.o(.rrx_text), (6 bytes).
    Removing irq_timer.o(.rev16_text), (4 bytes).
    Removing irq_timer.o(.revsh_text), (4 bytes).
    Removing irq_timer.o(.rrx_text), (6 bytes).
    Removing lib_timer.o(.rev16_text), (4 bytes).
    Removing lib_timer.o(.revsh_text), (4 bytes).
    Removing lib_timer.o(.rrx_text), (6 bytes).
    Removing glcd.o(.rev16_text), (4 bytes).
    Removing glcd.o(.revsh_text), (4 bytes).
    Removing glcd.o(.rrx_text), (6 bytes).
    Removing hzlib.o(.text), (36 bytes).
    Removing hzlib.o(.constdata), (216576 bytes).
    Removing pet.o(.rev16_text), (4 bytes).
    Removing pet.o(.revsh_text), (4 bytes).
    Removing pet.o(.rrx_text), (6 bytes).
    Removing tamagotchi.o(.rev16_text), (4 bytes).
    Removing tamagotchi.o(.revsh_text), (4 bytes).
    Removing tamagotchi.o(.rrx_text), (6 bytes).
    Removing lib_joystick.o(.rev16_text), (4 bytes).
    Removing lib_joystick.o(.revsh_text), (4 bytes).
    Removing lib_joystick.o(.rrx_text), (6 bytes).
    Removing irq_rit.o(.rev16_text), (4 bytes).
    Removing irq_rit.o(.revsh_text), (4 bytes).
    Removing irq_rit.o(.rrx_text), (6 bytes).
    Removing lib_rit.o(.rev16_text), (4 bytes).
    Removing lib_rit.o(.revsh_text), (4 bytes).
    Removing lib_rit.o(.rrx_text), (6 bytes).
    Removing touchpanel.o(.rev16_text), (4 bytes).
    Removing touchpanel.o(.revsh_text), (4 bytes).
    Removing touchpanel.o(.rrx_text), (6 bytes).
    Removing music.o(.rev16_text), (4 bytes).
    Removing music.o(.revsh_text), (4 bytes).
    Removing music.o(.rrx_text), (6 bytes).
    Removing irq_adc.o(.rev16_text), (4 bytes).
    Removing irq_adc.o(.revsh_text), (4 bytes).
    Removing irq_adc.o(.rrx_text), (6 bytes).
    Removing lib_adc.o(.rev16_text), (4 bytes).
    Removing lib_adc.o(.revsh_text), (4 bytes).
    Removing lib_adc.o(.rrx_text), (6 bytes).

45 unused section(s) (total 216840 bytes) removed from the image.

==============================================================================

Image Symbol Table

    Local Symbols

    Symbol Name                              Value     Ov Type        Size  Object(Section)

    RESET                                    0x00000000   Section      204  startup_lpc17xx.o(RESET)
    ../clib/angel/boardlib.s                 0x00000000   Number         0  boardinit1.o ABSOLUTE
    ../clib/angel/boardlib.s                 0x00000000   Number         0  boardinit2.o ABSOLUTE
    ../clib/angel/boardlib.s                 0x00000000   Number         0  boardinit3.o ABSOLUTE
    ../clib/angel/boardlib.s                 0x00000000   Number         0  boardshut.o ABSOLUTE
    ../clib/angel/dclz77c.s                  0x00000000   Number         0  __dclz77c.o ABSOLUTE
    ../clib/angel/handlers.s                 0x00000000   Number         0  __scatter_zi.o ABSOLUTE
    ../clib/angel/kernel.s                   0x00000000   Number         0  rtexit2.o ABSOLUTE
    ../clib/angel/kernel.s                   0x00000000   Number         0  __rtentry.o ABSOLUTE
    ../clib/angel/kernel.s                   0x00000000   Number         0  __rtentry2.o ABSOLUTE
    ../clib/angel/kernel.s                   0x00000000   Number         0  __rtentry4.o ABSOLUTE
    ../clib/angel/kernel.s                   0x00000000   Number         0  rtexit.o ABSOLUTE
    ../clib/angel/rt.s                       0x00000000   Number         0  rt_raise.o ABSOLUTE
    ../clib/angel/scatter.s                  0x00000000   Number         0  __scatter.o ABSOLUTE
    ../clib/angel/startup.s                  0x00000000   Number         0  __main.o ABSOLUTE
    ../clib/angel/sys.s                      0x00000000   Number         0  indicate_semi.o ABSOLUTE
    ../clib/angel/sys.s                      0x00000000   Number         0  sys_stackheap_outer.o ABSOLUTE
    ../clib/angel/sys.s                      0x00000000   Number         0  libspace.o ABSOLUTE
    ../clib/angel/sys.s                      0x00000000   Number         0  use_no_semi.o ABSOLUTE
    ../clib/angel/sysapp.c                   0x00000000   Number         0  sys_wrch.o ABSOLUTE
    ../clib/angel/sysapp.c                   0x00000000   Number         0  sys_command.o ABSOLUTE
    ../clib/angel/sysapp.c                   0x00000000   Number         0  sys_exit.o ABSOLUTE
    ../clib/armsys.c                         0x00000000   Number         0  argv_veneer.o ABSOLUTE
    ../clib/armsys.c                         0x00000000   Number         0  argv_veneer.o ABSOLUTE
    ../clib/armsys.c                         0x00000000   Number         0  _get_argv_nomalloc.o ABSOLUTE
    ../clib/armsys.c                         0x00000000   Number         0  no_argv.o ABSOLUTE
    ../clib/heapalloc.c                      0x00000000   Number         0  hrguard.o ABSOLUTE
    ../clib/heapaux.c                        0x00000000   Number         0  heapauxi.o ABSOLUTE
    ../clib/libinit.s                        0x00000000   Number         0  libinit.o ABSOLUTE
    ../clib/libinit.s                        0x00000000   Number         0  libshutdown2.o ABSOLUTE
    ../clib/libinit.s                        0x00000000   Number         0  libinit2.o ABSOLUTE
    ../clib/libinit.s                        0x00000000   Number         0  libshutdown.o ABSOLUTE
    ../clib/memcpset.s                       0x00000000   Number         0  rt_memcpy_v6.o ABSOLUTE
    ../clib/memcpset.s                       0x00000000   Number         0  rt_memcpy_w.o ABSOLUTE
    ../clib/memcpset.s                       0x00000000   Number         0  rt_memclr_w.o ABSOLUTE
    ../clib/misc.s                           0x00000000   Number         0  printf_stubs.o ABSOLUTE
    ../clib/printf.c                         0x00000000   Number         0  __printf_nopercent.o ABSOLUTE
    ../clib/printf.c                         0x00000000   Number         0  __printf_ss_wp.o ABSOLUTE
    ../clib/printf.c                         0x00000000   Number         0  __printf_flags_ss_wp.o ABSOLUTE
    ../clib/printf.c                         0x00000000   Number         0  noretval__2sprintf.o ABSOLUTE
    ../clib/printf.c                         0x00000000   Number         0  __printf.o ABSOLUTE
    ../clib/printf.c                         0x00000000   Number         0  _printf_pad.o ABSOLUTE
    ../clib/printf.c                         0x00000000   Number         0  _printf_dec.o ABSOLUTE
    ../clib/printf.c                         0x00000000   Number         0  __printf_flags.o ABSOLUTE
    ../clib/printf.c                         0x00000000   Number         0  __printf_ss.o ABSOLUTE
    ../clib/printf.c                         0x00000000   Number         0  __printf_flags_ss.o ABSOLUTE
    ../clib/printf.c                         0x00000000   Number         0  __printf_wp.o ABSOLUTE
    ../clib/printf.c                         0x00000000   Number         0  __printf_flags_wp.o ABSOLUTE
    ../clib/printf.c                         0x00000000   Number         0  _sputc.o ABSOLUTE
    ../clib/printf.c                         0x00000000   Number         0  _printf_char_common.o ABSOLUTE
    ../clib/printf.c                         0x00000000   Number         0  _printf_intcommon.o ABSOLUTE
    ../clib/printf.c                         0x00000000   Number         0  __2sprintf.o ABSOLUTE
    ../clib/printf_percent.s                 0x00000000   Number         0  _printf_d.o ABSOLUTE
    ../clib/printf_percent.s                 0x00000000   Number         0  _printf_percent.o ABSOLUTE
    ../clib/printf_percent.s                 0x00000000   Number         0  _printf_percent_end.o ABSOLUTE
    ../clib/signal.c                         0x00000000   Number         0  defsig_exit.o ABSOLUTE
    ../clib/signal.c                         0x00000000   Number         0  defsig_general.o ABSOLUTE
    ../clib/signal.c                         0x00000000   Number         0  defsig_abrt_inner.o ABSOLUTE
    ../clib/signal.c                         0x00000000   Number         0  __raise.o ABSOLUTE
    ../clib/signal.c                         0x00000000   Number         0  defsig_other.o ABSOLUTE
    ../clib/signal.c                         0x00000000   Number         0  defsig_rtmem_inner.o ABSOLUTE
    ../clib/signal.c                         0x00000000   Number         0  defsig_pvfn_inner.o ABSOLUTE
    ../clib/signal.c                         0x00000000   Number         0  defsig_stak_inner.o ABSOLUTE
    ../clib/signal.c                         0x00000000   Number         0  defsig_rtred_inner.o ABSOLUTE
    ../clib/signal.c                         0x00000000   Number         0  defsig_fpe_inner.o ABSOLUTE
    ../clib/signal.c                         0x00000000   Number         0  defsig_segv_inner.o ABSOLUTE
    ../clib/signal.c                         0x00000000   Number         0  defsig_cppl_inner.o ABSOLUTE
    ../clib/signal.c                         0x00000000   Number         0  defsig_rtmem_formal.o ABSOLUTE
    ../clib/signal.c                         0x00000000   Number         0  defsig_rtmem_outer.o ABSOLUTE
    ../clib/signal.s                         0x00000000   Number         0  defsig.o ABSOLUTE
    ../clib/stdlib.c                         0x00000000   Number         0  exit.o ABSOLUTE
    ../fplib/daddsub.s                       0x00000000   Number         0  daddsub_clz.o ABSOLUTE
    ../fplib/dcmpi.s                         0x00000000   Number         0  dcmpi.o ABSOLUTE
    ../fplib/ddiv.s                          0x00000000   Number         0  ddiv.o ABSOLUTE
    ../fplib/deqf.s                          0x00000000   Number         0  deqf.o ABSOLUTE
    ../fplib/dfixu.s                         0x00000000   Number         0  dfixu.o ABSOLUTE
    ../fplib/dflt.s                          0x00000000   Number         0  dflt_clz.o ABSOLUTE
    ../fplib/dmul.s                          0x00000000   Number         0  dmul.o ABSOLUTE
    ../fplib/dnaninf.s                       0x00000000   Number         0  dnaninf.o ABSOLUTE
    ../fplib/dretinf.s                       0x00000000   Number         0  dretinf.o ABSOLUTE
    ../fplib/f2d.s                           0x00000000   Number         0  f2d.o ABSOLUTE
    ../fplib/fcheck1.s                       0x00000000   Number         0  fcheck1.o ABSOLUTE
    ../fplib/fflt.s                          0x00000000   Number         0  fflt_clz.o ABSOLUTE
    ../fplib/fmul.s                          0x00000000   Number         0  fmul.o ABSOLUTE
    ../fplib/fnaninf.s                       0x00000000   Number         0  fnaninf.o ABSOLUTE
    ../fplib/fpinit.s                        0x00000000   Number         0  fpinit.o ABSOLUTE
    ../fplib/fretinf.s                       0x00000000   Number         0  fretinf.o ABSOLUTE
    ../fplib/retnan.s                        0x00000000   Number         0  retnan.o ABSOLUTE
    ../fplib/scalbnf.s                       0x00000000   Number         0  scalbnf.o ABSOLUTE
    ../fplib/trapv.s                         0x00000000   Number         0  trapv.o ABSOLUTE
    ../fplib/usenofp.s                       0x00000000   Number         0  usenofp.o ABSOLUTE
    GLCD\AsciiLib.c                          0x00000000   Number         0  asciilib.o ABSOLUTE
    GLCD\GLCD.c                              0x00000000   Number         0  glcd.o ABSOLUTE
    GLCD\HzLib.c                             0x00000000   Number         0  hzlib.o ABSOLUTE
    GLCD\\GLCD.c                             0x00000000   Number         0  glcd.o ABSOLUTE
    RIT\IRQ_RIT.c                            0x00000000   Number         0  irq_rit.o ABSOLUTE
    RIT\\IRQ_RIT.c                           0x00000000   Number         0  irq_rit.o ABSOLUTE
    RIT\\lib_RIT.c                           0x00000000   Number         0  lib_rit.o ABSOLUTE
    RIT\lib_RIT.c                            0x00000000   Number         0  lib_rit.o ABSOLUTE
    TouchPanel\TouchPanel.c                  0x00000000   Number         0  touchpanel.o ABSOLUTE
    TouchPanel\\TouchPanel.c                 0x00000000   Number         0  touchpanel.o ABSOLUTE
    adc\IRQ_adc.c                            0x00000000   Number         0  irq_adc.o ABSOLUTE
    adc\\IRQ_adc.c                           0x00000000   Number         0  irq_adc.o ABSOLUTE
    adc\\lib_adc.c                           0x00000000   Number         0  lib_adc.o ABSOLUTE
    adc\lib_adc.c                            0x00000000   Number         0  lib_adc.o ABSOLUTE
    core_cm3.c                               0x00000000   Number         0  core_cm3.o ABSOLUTE
    core_cm3.c                               0x00000000   Number         0  core_cm3.o ABSOLUTE
    dc.s                                     0x00000000   Number         0  dc.o ABSOLUTE
    joystick\\lib_joystick.c                 0x00000000   Number         0  lib_joystick.o ABSOLUTE
    joystick\lib_joystick.c                  0x00000000   Number         0  lib_joystick.o ABSOLUTE
    music\\music.c                           0x00000000   Number         0  music.o ABSOLUTE
    music\music.c                            0x00000000   Number         0  music.o ABSOLUTE
    sample.c                                 0x00000000   Number         0  sample.o ABSOLUTE
    sample.c                                 0x00000000   Number         0  sample.o ABSOLUTE
    startup_LPC17xx.s                        0x00000000   Number         0  startup_lpc17xx.o ABSOLUTE
    system_LPC17xx.c                         0x00000000   Number         0  system_lpc17xx.o ABSOLUTE
    system_LPC17xx.c                         0x00000000   Number         0  system_lpc17xx.o ABSOLUTE
    tamagotchi\\pet.c                        0x00000000   Number         0  pet.o ABSOLUTE
    tamagotchi\\tamagotchi.c                 0x00000000   Number         0  tamagotchi.o ABSOLUTE
    tamagotchi\pet.c                         0x00000000   Number         0  pet.o ABSOLUTE
    tamagotchi\tamagotchi.c                  0x00000000   Number         0  tamagotchi.o ABSOLUTE
    timer\IRQ_timer.c                        0x00000000   Number         0  irq_timer.o ABSOLUTE
    timer\\IRQ_timer.c                       0x00000000   Number         0  irq_timer.o ABSOLUTE
    timer\\lib_timer.c                       0x00000000   Number         0  lib_timer.o ABSOLUTE
    timer\lib_timer.c                        0x00000000   Number         0  lib_timer.o ABSOLUTE
    !!!main                                  0x000000cc   Section        8  __main.o(!!!main)
    !!!scatter                               0x000000d4   Section       52  __scatter.o(!!!scatter)
    !!dclz77c                                0x00000108   Section      100  __dclz77c.o(!!dclz77c)
    !!handler_zi                             0x0000016c   Section       28  __scatter_zi.o(!!handler_zi)
    .ARM.Collect$$_printf_percent$$00000000  0x00000188   Section        0  _printf_percent.o(.ARM.Collect$$_printf_percent$$00000000)
    .ARM.Collect$$_printf_percent$$00000009  0x00000188   Section        6  _printf_d.o(.ARM.Collect$$_printf_percent$$00000009)
    .ARM.Collect$$_printf_percent$$00000017  0x0000018e   Section        4  _printf_percent_end.o(.ARM.Collect$$_printf_percent$$00000017)
    .ARM.Collect$$libinit$$00000000          0x00000192   Section        2  libinit.o(.ARM.Collect$$libinit$$00000000)
    .ARM.Collect$$libinit$$00000002          0x00000194   Section        0  libinit2.o(.ARM.Collect$$libinit$$00000002)
    .ARM.Collect$$libinit$$00000004          0x00000194   Section        0  libinit2.o(.ARM.Collect$$libinit$$00000004)
    .ARM.Collect$$libinit$$0000000A          0x00000194   Section        0  libinit2.o(.ARM.Collect$$libinit$$0000000A)
    .ARM.Collect$$libinit$$0000000C          0x00000194   Section        0  libinit2.o(.ARM.Collect$$libinit$$0000000C)
    .ARM.Collect$$libinit$$0000000E          0x00000194   Section        0  libinit2.o(.ARM.Collect$$libinit$$0000000E)
    .ARM.Collect$$libinit$$00000011          0x00000194   Section        0  libinit2.o(.ARM.Collect$$libinit$$00000011)
    .ARM.Collect$$libinit$$00000013          0x00000194   Section        0  libinit2.o(.ARM.Collect$$libinit$$00000013)
    .ARM.Collect$$libinit$$00000015          0x00000194   Section        0  libinit2.o(.ARM.Collect$$libinit$$00000015)
    .ARM.Collect$$libinit$$00000017          0x00000194   Section        0  libinit2.o(.ARM.Collect$$libinit$$00000017)
    .ARM.Collect$$libinit$$00000019          0x00000194   Section        0  libinit2.o(.ARM.Collect$$libinit$$00000019)
    .ARM.Collect$$libinit$$0000001B          0x00000194   Section        0  libinit2.o(.ARM.Collect$$libinit$$0000001B)
    .ARM.Collect$$libinit$$0000001D          0x00000194   Section        0  libinit2.o(.ARM.Collect$$libinit$$0000001D)
    .ARM.Collect$$libinit$$0000001F          0x00000194   Section        0  libinit2.o(.ARM.Collect$$libinit$$0000001F)
    .ARM.Collect$$libinit$$00000021          0x00000194   Section        0  libinit2.o(.ARM.Collect$$libinit$$00000021)
    .ARM.Collect$$libinit$$00000023          0x00000194   Section        0  libinit2.o(.ARM.Collect$$libinit$$00000023)
    .ARM.Collect$$libinit$$00000025          0x00000194   Section        0  libinit2.o(.ARM.Collect$$libinit$$00000025)
    .ARM.Collect$$libinit$$0000002C          0x00000194   Section        0  libinit2.o(.ARM.Collect$$libinit$$0000002C)
    .ARM.Collect$$libinit$$0000002E          0x00000194   Section        0  libinit2.o(.ARM.Collect$$libinit$$0000002E)
    .ARM.Collect$$libinit$$00000030          0x00000194   Section        0  libinit2.o(.ARM.Collect$$libinit$$00000030)
    .ARM.Collect$$libinit$$00000032          0x00000194   Section        0  libinit2.o(.ARM.Collect$$libinit$$00000032)
    .ARM.Collect$$libinit$$00000033          0x00000194   Section        2  libinit2.o(.ARM.Collect$$libinit$$00000033)
    .ARM.Collect$$libshutdown$$00000000      0x00000196   Section        2  libshutdown.o(.ARM.Collect$$libshutdown$$00000000)
    .ARM.Collect$$libshutdown$$00000002      0x00000198   Section        0  libshutdown2.o(.ARM.Collect$$libshutdown$$00000002)
    .ARM.Collect$$libshutdown$$00000004      0x00000198   Section        0  libshutdown2.o(.ARM.Collect$$libshutdown$$00000004)
    .ARM.Collect$$libshutdown$$00000006      0x00000198   Section        0  libshutdown2.o(.ARM.Collect$$libshutdown$$00000006)
    .ARM.Collect$$libshutdown$$00000009      0x00000198   Section        0  libshutdown2.o(.ARM.Collect$$libshutdown$$00000009)
    .ARM.Collect$$libshutdown$$0000000C      0x00000198   Section        0  libshutdown2.o(.ARM.Collect$$libshutdown$$0000000C)
    .ARM.Collect$$libshutdown$$0000000E      0x00000198   Section        0  libshutdown2.o(.ARM.Collect$$libshutdown$$0000000E)
    .ARM.Collect$$libshutdown$$00000011      0x00000198   Section        0  libshutdown2.o(.ARM.Collect$$libshutdown$$00000011)
    .ARM.Collect$$libshutdown$$00000012      0x00000198   Section        2  libshutdown2.o(.ARM.Collect$$libshutdown$$00000012)
    .ARM.Collect$$rtentry$$00000000          0x0000019a   Section        0  __rtentry.o(.ARM.Collect$$rtentry$$00000000)
    .ARM.Collect$$rtentry$$00000002          0x0000019a   Section        0  __rtentry2.o(.ARM.Collect$$rtentry$$00000002)
    .ARM.Collect$$rtentry$$00000004          0x0000019a   Section        6  __rtentry4.o(.ARM.Collect$$rtentry$$00000004)
    .ARM.Collect$$rtentry$$00000009          0x000001a0   Section        0  __rtentry2.o(.ARM.Collect$$rtentry$$00000009)
    .ARM.Collect$$rtentry$$0000000A          0x000001a0   Section        4  __rtentry2.o(.ARM.Collect$$rtentry$$0000000A)
    .ARM.Collect$$rtentry$$0000000C          0x000001a4   Section        0  __rtentry2.o(.ARM.Collect$$rtentry$$0000000C)
    .ARM.Collect$$rtentry$$0000000D          0x000001a4   Section        8  __rtentry2.o(.ARM.Collect$$rtentry$$0000000D)
    .ARM.Collect$$rtexit$$00000000           0x000001ac   Section        2  rtexit.o(.ARM.Collect$$rtexit$$00000000)
    .ARM.Collect$$rtexit$$00000002           0x000001ae   Section        0  rtexit2.o(.ARM.Collect$$rtexit$$00000002)
    .ARM.Collect$$rtexit$$00000003           0x000001ae   Section        4  rtexit2.o(.ARM.Collect$$rtexit$$00000003)
    .ARM.Collect$$rtexit$$00000004           0x000001b2   Section        6  rtexit2.o(.ARM.Collect$$rtexit$$00000004)
    .text                                    0x000001b8   Section       52  startup_lpc17xx.o(.text)
    .text                                    0x000001ec   Section        0  sample.o(.text)
    __NVIC_SetPriority                       0x00000289   Thumb Code    32  sample.o(.text)
    .text                                    0x000002c0   Section        0  asciilib.o(.text)
    .text                                    0x000002d4   Section        0  lib_joystick.o(.text)
    .text                                    0x000002f4   Section        0  heapauxi.o(.text)
    .text                                    0x000002fa   Section        2  use_no_semi.o(.text)
    .ARM.__at_0x02FC                         0x000002fc   Section        4  startup_lpc17xx.o(.ARM.__at_0x02FC)
    .text                                    0x00000300   Section        0  system_lpc17xx.o(.text)
    .text                                    0x00000488   Section        0  irq_timer.o(.text)
    .text                                    0x000007d4   Section        0  lib_timer.o(.text)
    __NVIC_EnableIRQ                         0x000008e9   Thumb Code    26  lib_timer.o(.text)
    .text                                    0x00000914   Section        0  glcd.o(.text)
    LCD_Configuration                        0x00000915   Thumb Code    18  glcd.o(.text)
    wait_delay                               0x00000927   Thumb Code     8  glcd.o(.text)
    LCD_SetCursor                            0x0000092f   Thumb Code  1082  glcd.o(.text)
    delay_ms                                 0x00000d69   Thumb Code    28  glcd.o(.text)
    LCD_BGR2RGB                              0x00003e47   Thumb Code    18  glcd.o(.text)
    .text                                    0x00004a70   Section        0  pet.o(.text)
    .text                                    0x00004c88   Section        0  tamagotchi.o(.text)
    .text                                    0x00005794   Section        0  irq_rit.o(.text)
    .text                                    0x000058a8   Section        0  lib_rit.o(.text)
    .text                                    0x0000590c   Section        0  touchpanel.o(.text)
    ADS7843_SPI_Init                         0x0000591d   Thumb Code    86  touchpanel.o(.text)
    WR_CMD                                   0x0000599b   Thumb Code    28  touchpanel.o(.text)
    RD_AD                                    0x000059b7   Thumb Code    34  touchpanel.o(.text)
    .text                                    0x000060ac   Section        0  music.o(.text)
    .text                                    0x00006100   Section        0  irq_adc.o(.text)
    .text                                    0x00006168   Section        0  lib_adc.o(.text)
    .text                                    0x000061b8   Section        0  noretval__2sprintf.o(.text)
    .text                                    0x000061e0   Section        0  _printf_pad.o(.text)
    .text                                    0x00006230   Section        0  _printf_dec.o(.text)
    .text                                    0x000062a8   Section        0  __printf_flags_wp.o(.text)
    .text                                    0x000063e0   Section      138  rt_memcpy_v6.o(.text)
    .text                                    0x0000646a   Section       78  rt_memclr_w.o(.text)
    .text                                    0x000064b8   Section        0  _printf_intcommon.o(.text)
    .text                                    0x0000656c   Section        0  _printf_char_common.o(.text)
    _printf_input_char                       0x0000656d   Thumb Code    10  _printf_char_common.o(.text)
    .text                                    0x0000659c   Section        0  _sputc.o(.text)
    .text                                    0x000065a6   Section      100  rt_memcpy_w.o(.text)
    .text                                    0x0000660a   Section       74  sys_stackheap_outer.o(.text)
    .text                                    0x00006654   Section        0  exit.o(.text)
    .text                                    0x00006668   Section        8  libspace.o(.text)
    .text                                    0x00006670   Section        0  sys_exit.o(.text)
    .text                                    0x0000667c   Section        0  indicate_semi.o(.text)
    i._is_digit                              0x0000667c   Section        0  __printf_wp.o(i._is_digit)
    x$fpl$dadd                               0x0000668c   Section      336  daddsub_clz.o(x$fpl$dadd)
    _dadd1                                   0x0000669d   Thumb Code     0  daddsub_clz.o(x$fpl$dadd)
    x$fpl$dcmpinf                            0x000067dc   Section       24  dcmpi.o(x$fpl$dcmpinf)
    x$fpl$ddiv                               0x000067f4   Section      688  ddiv.o(x$fpl$ddiv)
    ddiv_entry                               0x000067fb   Thumb Code     0  ddiv.o(x$fpl$ddiv)
    x$fpl$deqf                               0x00006aa4   Section      120  deqf.o(x$fpl$deqf)
    x$fpl$dfixu                              0x00006b1c   Section       90  dfixu.o(x$fpl$dfixu)
    x$fpl$dflt                               0x00006b76   Section       46  dflt_clz.o(x$fpl$dflt)
    x$fpl$dfltu                              0x00006ba4   Section       38  dflt_clz.o(x$fpl$dfltu)
    x$fpl$dmul                               0x00006bcc   Section      340  dmul.o(x$fpl$dmul)
    x$fpl$dnaninf                            0x00006d20   Section      156  dnaninf.o(x$fpl$dnaninf)
    x$fpl$dretinf                            0x00006dbc   Section       12  dretinf.o(x$fpl$dretinf)
    x$fpl$dsub                               0x00006dc8   Section      468  daddsub_clz.o(x$fpl$dsub)
    _dsub1                                   0x00006dd9   Thumb Code     0  daddsub_clz.o(x$fpl$dsub)
    x$fpl$f2d                                0x00006f9c   Section       86  f2d.o(x$fpl$f2d)
    x$fpl$fcheck1                            0x00006ff4   Section       12  fcheck1.o(x$fpl$fcheck1)
    x$fpl$ffltu                              0x00007000   Section       38  fflt_clz.o(x$fpl$ffltu)
    x$fpl$fmul                               0x00007028   Section      258  fmul.o(x$fpl$fmul)
    x$fpl$fnaninf                            0x0000712a   Section      140  fnaninf.o(x$fpl$fnaninf)
    x$fpl$fretinf                            0x000071b6   Section       10  fretinf.o(x$fpl$fretinf)
    x$fpl$retnan                             0x000071c0   Section      100  retnan.o(x$fpl$retnan)
    x$fpl$scalbnf                            0x00007224   Section       76  scalbnf.o(x$fpl$scalbnf)
    x$fpl$trapveneer                         0x00007270   Section       48  trapv.o(x$fpl$trapveneer)
    .constdata                               0x000072a0   Section     1520  asciilib.o(.constdata)
    x$fpl$usenofp                            0x000072a0   Section        0  usenofp.o(x$fpl$usenofp)
    AsciiLib                                 0x000072a0   Data        1520  asciilib.o(.constdata)
    .constdata                               0x00007890   Section       17  __printf_flags_wp.o(.constdata)
    maptable                                 0x00007890   Data          17  __printf_flags_wp.o(.constdata)
    .data                                    0x10000000   Section    19452  pet.o(.data)
    .data                                    0x2007c000   Section        4  system_lpc17xx.o(.data)
    .data                                    0x2007c004   Section      106  irq_timer.o(.data)
    animation_type                           0x2007c005   Data           1  irq_timer.o(.data)
    software_count                           0x2007c006   Data           1  irq_timer.o(.data)
    frame_number                             0x2007c007   Data           1  irq_timer.o(.data)
    seconds                                  0x2007c008   Data           1  irq_timer.o(.data)
    minutes                                  0x2007c009   Data           1  irq_timer.o(.data)
    hours                                    0x2007c00a   Data           1  irq_timer.o(.data)
    sineticks                                0x2007c00c   Data           4  irq_timer.o(.data)
    currentValue                             0x2007c010   Data           4  irq_timer.o(.data)
    .data                                    0x2007c070   Section        8  lib_timer.o(.data)
    animation_type                           0x2007c070   Data           1  lib_timer.o(.data)
    statsCountdown                           0x2007c074   Data           4  lib_timer.o(.data)
    .data                                    0x2007c078   Section        4  glcd.o(.data)
    LCD_Code                                 0x2007c078   Data           1  glcd.o(.data)
    back_color                               0x2007c07a   Data           2  glcd.o(.data)
    .data                                    0x2007c07c   Section      512  pet.o(.data)
    .data                                    0x2007c27c   Section      512  pet.o(.data)
    .data                                    0x2007c47c   Section      512  pet.o(.data)
    .data                                    0x2007c67c   Section      512  pet.o(.data)
    .data                                    0x2007c87c   Section      512  pet.o(.data)
    .data                                    0x2007ca7c   Section      800  pet.o(.data)
    .data                                    0x2007cd9c   Section      800  pet.o(.data)
    .data                                    0x2007d0bc   Section      800  pet.o(.data)
    .data                                    0x2007d3dc   Section      800  pet.o(.data)
    .data                                    0x2007d6fc   Section     1012  tamagotchi.o(.data)
    satiety                                  0x2007d6fc   Data           1  tamagotchi.o(.data)
    happiness                                0x2007d6fd   Data           1  tamagotchi.o(.data)
    ticks                                    0x2007d700   Data           4  tamagotchi.o(.data)
    currentNote                              0x2007d704   Data           4  tamagotchi.o(.data)
    canGameRestart_flag                      0x2007d708   Data           4  tamagotchi.o(.data)
    canProceed_flag                          0x2007d70c   Data           4  tamagotchi.o(.data)
    .data                                    0x2007daf0   Section        1  irq_rit.o(.data)
    last_key_pressed                         0x2007daf0   Data           1  irq_rit.o(.data)
    .data                                    0x2007daf2   Section       16  touchpanel.o(.data)
    screen                                   0x2007daf2   Data           4  touchpanel.o(.data)
    .data                                    0x2007db02   Section        4  touchpanel.o(.data)
    .data                                    0x2007db06   Section        6  irq_adc.o(.data)
    ticks                                    0x2007db06   Data           1  irq_adc.o(.data)
    .bss                                     0x2007db0c   Section     3600  pet.o(.bss)
    .bss                                     0x2007e920   Section       68  touchpanel.o(.bss)
    .bss                                     0x2007e964   Section       96  libspace.o(.bss)
    HEAP                                     0x2007e9c8   Section        0  startup_lpc17xx.o(HEAP)
    STACK                                    0x2007e9c8   Section      512  startup_lpc17xx.o(STACK)
    Heap_Mem                                 0x2007e9c8   Data           0  startup_lpc17xx.o(HEAP)
    Stack_Mem                                0x2007e9c8   Data         512  startup_lpc17xx.o(STACK)
    __initial_sp                             0x2007ebc8   Data           0  startup_lpc17xx.o(STACK)

    Global Symbols

    Symbol Name                              Value     Ov Type        Size  Object(Section)

    BuildAttributes$$THM_ISAv4$P$D$K$B$S$PE$A:L22UL41UL21$X:L11$S22US41US21$IEEE1$IW$USESV6$~STKCKD$USESV7$~SHL$OSPACE$ROPI$EBA8$UX$STANDARDLIB$REQ8$PRES8$EABIv2 0x00000000   Number         0  anon$$obj.o ABSOLUTE
    __ARM_use_no_argv                        0x00000000   Number         0  sample.o ABSOLUTE
    __Vectors                                0x00000000   Data           4  startup_lpc17xx.o(RESET)
    _printf_flags                            0x00000000   Number         0  printf_stubs.o ABSOLUTE
    _printf_return_value                     0x00000000   Number         0  printf_stubs.o ABSOLUTE
    _printf_sizespec                         0x00000000   Number         0  printf_stubs.o ABSOLUTE
    _printf_widthprec                        0x00000000   Number         0  printf_stubs.o ABSOLUTE
    __ARM_exceptions_init                     - Undefined Weak Reference
    __alloca_initialize                       - Undefined Weak Reference
    __arm_fini_                               - Undefined Weak Reference
    __arm_preinit_                            - Undefined Weak Reference
    __cpp_initialize__aeabi_                  - Undefined Weak Reference
    __cxa_finalize                            - Undefined Weak Reference
    __rt_locale                               - Undefined Weak Reference
    __sigvec_lookup                           - Undefined Weak Reference
    _atexit_init                              - Undefined Weak Reference
    _call_atexit_fns                          - Undefined Weak Reference
    _clock_init                               - Undefined Weak Reference
    _fp_trap_init                             - Undefined Weak Reference
    _fp_trap_shutdown                         - Undefined Weak Reference
    _get_lc_collate                           - Undefined Weak Reference
    _get_lc_ctype                             - Undefined Weak Reference
    _get_lc_monetary                          - Undefined Weak Reference
    _get_lc_numeric                           - Undefined Weak Reference
    _get_lc_time                              - Undefined Weak Reference
    _getenv_init                              - Undefined Weak Reference
    _handle_redirection                       - Undefined Weak Reference
    _init_alloc                               - Undefined Weak Reference
    _init_user_alloc                          - Undefined Weak Reference
    _initio                                   - Undefined Weak Reference
    _printf_truncate_signed                   - Undefined Weak Reference
    _printf_truncate_unsigned                 - Undefined Weak Reference
    _rand_init                                - Undefined Weak Reference
    _signal_finish                            - Undefined Weak Reference
    _signal_init                              - Undefined Weak Reference
    _terminate_alloc                          - Undefined Weak Reference
    _terminate_user_alloc                     - Undefined Weak Reference
    _terminateio                              - Undefined Weak Reference
    __main                                   0x000000cd   Thumb Code     8  __main.o(!!!main)
    __scatterload                            0x000000d5   Thumb Code     0  __scatter.o(!!!scatter)
    __scatterload_rt2                        0x000000d5   Thumb Code    44  __scatter.o(!!!scatter)
    __scatterload_rt2_thumb_only             0x000000d5   Thumb Code     0  __scatter.o(!!!scatter)
    __scatterload_null                       0x000000e3   Thumb Code     0  __scatter.o(!!!scatter)
    __decompress                             0x00000109   Thumb Code   100  __dclz77c.o(!!dclz77c)
    __decompress2                            0x00000109   Thumb Code     0  __dclz77c.o(!!dclz77c)
    __scatterload_zeroinit                   0x0000016d   Thumb Code    28  __scatter_zi.o(!!handler_zi)
    _printf_d                                0x00000189   Thumb Code     0  _printf_d.o(.ARM.Collect$$_printf_percent$$00000009)
    _printf_percent                          0x00000189   Thumb Code     0  _printf_percent.o(.ARM.Collect$$_printf_percent$$00000000)
    _printf_percent_end                      0x0000018f   Thumb Code     0  _printf_percent_end.o(.ARM.Collect$$_printf_percent$$00000017)
    __rt_lib_init                            0x00000193   Thumb Code     0  libinit.o(.ARM.Collect$$libinit$$00000000)
    __rt_lib_init_alloca_1                   0x00000195   Thumb Code     0  libinit2.o(.ARM.Collect$$libinit$$0000002E)
    __rt_lib_init_argv_1                     0x00000195   Thumb Code     0  libinit2.o(.ARM.Collect$$libinit$$0000002C)
    __rt_lib_init_atexit_1                   0x00000195   Thumb Code     0  libinit2.o(.ARM.Collect$$libinit$$0000001B)
    __rt_lib_init_clock_1                    0x00000195   Thumb Code     0  libinit2.o(.ARM.Collect$$libinit$$00000021)
    __rt_lib_init_cpp_1                      0x00000195   Thumb Code     0  libinit2.o(.ARM.Collect$$libinit$$00000032)
    __rt_lib_init_exceptions_1               0x00000195   Thumb Code     0  libinit2.o(.ARM.Collect$$libinit$$00000030)
    __rt_lib_init_fp_1                       0x00000195   Thumb Code     0  libinit2.o(.ARM.Collect$$libinit$$00000002)
    __rt_lib_init_fp_trap_1                  0x00000195   Thumb Code     0  libinit2.o(.ARM.Collect$$libinit$$0000001F)
    __rt_lib_init_getenv_1                   0x00000195   Thumb Code     0  libinit2.o(.ARM.Collect$$libinit$$00000023)
    __rt_lib_init_heap_1                     0x00000195   Thumb Code     0  libinit2.o(.ARM.Collect$$libinit$$0000000A)
    __rt_lib_init_lc_collate_1               0x00000195   Thumb Code     0  libinit2.o(.ARM.Collect$$libinit$$00000011)
    __rt_lib_init_lc_ctype_1                 0x00000195   Thumb Code     0  libinit2.o(.ARM.Collect$$libinit$$00000013)
    __rt_lib_init_lc_monetary_1              0x00000195   Thumb Code     0  libinit2.o(.ARM.Collect$$libinit$$00000015)
    __rt_lib_init_lc_numeric_1               0x00000195   Thumb Code     0  libinit2.o(.ARM.Collect$$libinit$$00000017)
    __rt_lib_init_lc_time_1                  0x00000195   Thumb Code     0  libinit2.o(.ARM.Collect$$libinit$$00000019)
    __rt_lib_init_preinit_1                  0x00000195   Thumb Code     0  libinit2.o(.ARM.Collect$$libinit$$00000004)
    __rt_lib_init_rand_1                     0x00000195   Thumb Code     0  libinit2.o(.ARM.Collect$$libinit$$0000000E)
    __rt_lib_init_return                     0x00000195   Thumb Code     0  libinit2.o(.ARM.Collect$$libinit$$00000033)
    __rt_lib_init_signal_1                   0x00000195   Thumb Code     0  libinit2.o(.ARM.Collect$$libinit$$0000001D)
    __rt_lib_init_stdio_1                    0x00000195   Thumb Code     0  libinit2.o(.ARM.Collect$$libinit$$00000025)
    __rt_lib_init_user_alloc_1               0x00000195   Thumb Code     0  libinit2.o(.ARM.Collect$$libinit$$0000000C)
    __rt_lib_shutdown                        0x00000197   Thumb Code     0  libshutdown.o(.ARM.Collect$$libshutdown$$00000000)
    __rt_lib_shutdown_cpp_1                  0x00000199   Thumb Code     0  libshutdown2.o(.ARM.Collect$$libshutdown$$00000004)
    __rt_lib_shutdown_fini_1                 0x00000199   Thumb Code     0  libshutdown2.o(.ARM.Collect$$libshutdown$$00000002)
    __rt_lib_shutdown_fp_trap_1              0x00000199   Thumb Code     0  libshutdown2.o(.ARM.Collect$$libshutdown$$00000009)
    __rt_lib_shutdown_heap_1                 0x00000199   Thumb Code     0  libshutdown2.o(.ARM.Collect$$libshutdown$$00000011)
    __rt_lib_shutdown_return                 0x00000199   Thumb Code     0  libshutdown2.o(.ARM.Collect$$libshutdown$$00000012)
    __rt_lib_shutdown_signal_1               0x00000199   Thumb Code     0  libshutdown2.o(.ARM.Collect$$libshutdown$$0000000C)
    __rt_lib_shutdown_stdio_1                0x00000199   Thumb Code     0  libshutdown2.o(.ARM.Collect$$libshutdown$$00000006)
    __rt_lib_shutdown_user_alloc_1           0x00000199   Thumb Code     0  libshutdown2.o(.ARM.Collect$$libshutdown$$0000000E)
    __rt_entry                               0x0000019b   Thumb Code     0  __rtentry.o(.ARM.Collect$$rtentry$$00000000)
    __rt_entry_presh_1                       0x0000019b   Thumb Code     0  __rtentry2.o(.ARM.Collect$$rtentry$$00000002)
    __rt_entry_sh                            0x0000019b   Thumb Code     0  __rtentry4.o(.ARM.Collect$$rtentry$$00000004)
    __rt_entry_li                            0x000001a1   Thumb Code     0  __rtentry2.o(.ARM.Collect$$rtentry$$0000000A)
    __rt_entry_postsh_1                      0x000001a1   Thumb Code     0  __rtentry2.o(.ARM.Collect$$rtentry$$00000009)
    __rt_entry_main                          0x000001a5   Thumb Code     0  __rtentry2.o(.ARM.Collect$$rtentry$$0000000D)
    __rt_entry_postli_1                      0x000001a5   Thumb Code     0  __rtentry2.o(.ARM.Collect$$rtentry$$0000000C)
    __rt_exit                                0x000001ad   Thumb Code     0  rtexit.o(.ARM.Collect$$rtexit$$00000000)
    __rt_exit_ls                             0x000001af   Thumb Code     0  rtexit2.o(.ARM.Collect$$rtexit$$00000003)
    __rt_exit_prels_1                        0x000001af   Thumb Code     0  rtexit2.o(.ARM.Collect$$rtexit$$00000002)
    __rt_exit_exit                           0x000001b3   Thumb Code     0  rtexit2.o(.ARM.Collect$$rtexit$$00000004)
    Reset_Handler                            0x000001b9   Thumb Code     4  startup_lpc17xx.o(.text)
    NMI_Handler                              0x000001bd   Thumb Code     2  startup_lpc17xx.o(.text)
    HardFault_Handler                        0x000001bf   Thumb Code     2  startup_lpc17xx.o(.text)
    MemManage_Handler                        0x000001c1   Thumb Code     2  startup_lpc17xx.o(.text)
    BusFault_Handler                         0x000001c3   Thumb Code     2  startup_lpc17xx.o(.text)
    UsageFault_Handler                       0x000001c5   Thumb Code     2  startup_lpc17xx.o(.text)
    SVC_Handler                              0x000001c7   Thumb Code     2  startup_lpc17xx.o(.text)
    DebugMon_Handler                         0x000001c9   Thumb Code     2  startup_lpc17xx.o(.text)
    PendSV_Handler                           0x000001cb   Thumb Code     2  startup_lpc17xx.o(.text)
    SysTick_Handler                          0x000001cd   Thumb Code     2  startup_lpc17xx.o(.text)
    BOD_IRQHandler                           0x000001cf   Thumb Code     0  startup_lpc17xx.o(.text)
    CANActivity_IRQHandler                   0x000001cf   Thumb Code     0  startup_lpc17xx.o(.text)
    CAN_IRQHandler                           0x000001cf   Thumb Code     0  startup_lpc17xx.o(.text)
    DMA_IRQHandler                           0x000001cf   Thumb Code     0  startup_lpc17xx.o(.text)
    EINT0_IRQHandler                         0x000001cf   Thumb Code     0  startup_lpc17xx.o(.text)
    EINT1_IRQHandler                         0x000001cf   Thumb Code     0  startup_lpc17xx.o(.text)
    EINT2_IRQHandler                         0x000001cf   Thumb Code     0  startup_lpc17xx.o(.text)
    EINT3_IRQHandler                         0x000001cf   Thumb Code     0  startup_lpc17xx.o(.text)
    ENET_IRQHandler                          0x000001cf   Thumb Code     0  startup_lpc17xx.o(.text)
    I2C0_IRQHandler                          0x000001cf   Thumb Code     0  startup_lpc17xx.o(.text)
    I2C1_IRQHandler                          0x000001cf   Thumb Code     0  startup_lpc17xx.o(.text)
    I2C2_IRQHandler                          0x000001cf   Thumb Code     0  startup_lpc17xx.o(.text)
    I2S_IRQHandler                           0x000001cf   Thumb Code     0  startup_lpc17xx.o(.text)
    MCPWM_IRQHandler                         0x000001cf   Thumb Code     0  startup_lpc17xx.o(.text)
    PLL0_IRQHandler                          0x000001cf   Thumb Code     0  startup_lpc17xx.o(.text)
    PLL1_IRQHandler                          0x000001cf   Thumb Code     0  startup_lpc17xx.o(.text)
    PWM1_IRQHandler                          0x000001cf   Thumb Code     0  startup_lpc17xx.o(.text)
    QEI_IRQHandler                           0x000001cf   Thumb Code     0  startup_lpc17xx.o(.text)
    RTC_IRQHandler                           0x000001cf   Thumb Code     0  startup_lpc17xx.o(.text)
    SPI_IRQHandler                           0x000001cf   Thumb Code     0  startup_lpc17xx.o(.text)
    SSP0_IRQHandler                          0x000001cf   Thumb Code     0  startup_lpc17xx.o(.text)
    SSP1_IRQHandler                          0x000001cf   Thumb Code     0  startup_lpc17xx.o(.text)
    UART0_IRQHandler                         0x000001cf   Thumb Code     0  startup_lpc17xx.o(.text)
    UART1_IRQHandler                         0x000001cf   Thumb Code     0  startup_lpc17xx.o(.text)
    UART2_IRQHandler                         0x000001cf   Thumb Code     0  startup_lpc17xx.o(.text)
    UART3_IRQHandler                         0x000001cf   Thumb Code     0  startup_lpc17xx.o(.text)
    USBActivity_IRQHandler                   0x000001cf   Thumb Code     0  startup_lpc17xx.o(.text)
    USB_IRQHandler                           0x000001cf   Thumb Code     0  startup_lpc17xx.o(.text)
    WDT_IRQHandler                           0x000001cf   Thumb Code     0  startup_lpc17xx.o(.text)
    __user_initial_stackheap                 0x000001d1   Thumb Code     0  startup_lpc17xx.o(.text)
    main                                     0x000001ed   Thumb Code   156  sample.o(.text)
    GetASCIICode                             0x000002c1   Thumb Code    14  asciilib.o(.text)
    joystick_init                            0x000002d5   Thumb Code    22  lib_joystick.o(.text)
    __use_two_region_memory                  0x000002f5   Thumb Code     2  heapauxi.o(.text)
    __rt_heap_escrow$2region                 0x000002f7   Thumb Code     2  heapauxi.o(.text)
    __rt_heap_expand$2region                 0x000002f9   Thumb Code     2  heapauxi.o(.text)
    __I$use$semihosting                      0x000002fb   Thumb Code     0  use_no_semi.o(.text)
    __use_no_semihosting_swi                 0x000002fb   Thumb Code     2  use_no_semi.o(.text)
    SystemInit                               0x00000301   Thumb Code   360  system_lpc17xx.o(.text)
    TIMER0_IRQHandler                        0x00000489   Thumb Code   574  irq_timer.o(.text)
    TIMER1_IRQHandler                        0x000006c7   Thumb Code   134  irq_timer.o(.text)
    TIMER2_IRQHandler                        0x0000074d   Thumb Code    96  irq_timer.o(.text)
    TIMER3_IRQHandler                        0x000007ad   Thumb Code    16  irq_timer.o(.text)
    enable_timer                             0x000007d5   Thumb Code    44  lib_timer.o(.text)
    disable_timer                            0x00000801   Thumb Code    44  lib_timer.o(.text)
    reset_timer                              0x0000082d   Thumb Code    66  lib_timer.o(.text)
    init_timer                               0x0000086f   Thumb Code    92  lib_timer.o(.text)
    decrease_countdown                       0x000008cb   Thumb Code    10  lib_timer.o(.text)
    reset_countdown                          0x000008d5   Thumb Code     8  lib_timer.o(.text)
    set_animation_type                       0x000008dd   Thumb Code     6  lib_timer.o(.text)
    get_animation_type                       0x000008e3   Thumb Code     6  lib_timer.o(.text)
    wait                                     0x00000d85   Thumb Code     4  glcd.o(.text)
    LCD_WritePixel                           0x00000d89   Thumb Code    46  glcd.o(.text)
    LCD_WriteCommand                         0x00000db7   Thumb Code    56  glcd.o(.text)
    LCD_ClearWindow                          0x00000def   Thumb Code   446  glcd.o(.text)
    LCD_Clear                                0x00000fad   Thumb Code   952  glcd.o(.text)
    LCD_SetBackground                        0x00001365   Thumb Code     6  glcd.o(.text)
    LCD_Initialization                       0x0000136b   Thumb Code 10972  glcd.o(.text)
    LCD_GetPoint                             0x00003e59   Thumb Code   620  glcd.o(.text)
    LCD_SetPoint                             0x000040c5   Thumb Code   156  glcd.o(.text)
    LCD_DrawLine                             0x00004161   Thumb Code   244  glcd.o(.text)
    PutChar                                  0x00004255   Thumb Code    90  glcd.o(.text)
    PutCharHorizontal                        0x000042af   Thumb Code    88  glcd.o(.text)
    GUI_Text                                 0x00004307   Thumb Code    70  glcd.o(.text)
    LCD_SetWindow                            0x0000434d   Thumb Code   694  glcd.o(.text)
    LCD_SetOrientation                       0x00004603   Thumb Code   246  glcd.o(.text)
    pixel                                    0x000046f9   Thumb Code   158  glcd.o(.text)
    LCD_DrawCircle                           0x00004797   Thumb Code    80  glcd.o(.text)
    LCD_DrawRectangle                        0x000047e7   Thumb Code    58  glcd.o(.text)
    LCD_DrawRectangleBorders                 0x00004821   Thumb Code    96  glcd.o(.text)
    LCD_Darken                               0x00004881   Thumb Code   242  glcd.o(.text)
    LCD_GetPixel                             0x00004973   Thumb Code   152  glcd.o(.text)
    LCD_GetBackground                        0x00004a0b   Thumb Code     6  glcd.o(.text)
    GUI_Centered_Text                        0x00004a11   Thumb Code    88  glcd.o(.text)
    draw_something                           0x00004a71   Thumb Code    60  pet.o(.text)
    stats_init_satiety_ghosts                0x00004aad   Thumb Code    36  pet.o(.text)
    stats_init_happiness_pacman              0x00004ad1   Thumb Code    32  pet.o(.text)
    stats_satiety_ghosts                     0x00004af1   Thumb Code    52  pet.o(.text)
    stats_happiness_pacman                   0x00004b25   Thumb Code    48  pet.o(.text)
    pet_animation_idle1                      0x00004b55   Thumb Code    10  pet.o(.text)
    pet_animation_idle2                      0x00004b5f   Thumb Code    10  pet.o(.text)
    draw_pet_snack                           0x00004b69   Thumb Code    10  pet.o(.text)
    draw_pet_play                            0x00004b73   Thumb Code    10  pet.o(.text)
    pet_animation_pursuit1                   0x00004b7d   Thumb Code    46  pet.o(.text)
    pet_animation_pursuit2                   0x00004bab   Thumb Code    46  pet.o(.text)
    pet_clear_animation_pursuit              0x00004bd9   Thumb Code    10  pet.o(.text)
    pet_animation_death1                     0x00004be3   Thumb Code    32  pet.o(.text)
    pet_animation_death2                     0x00004c03   Thumb Code     6  pet.o(.text)
    pet_animation_death3                     0x00004c09   Thumb Code     6  pet.o(.text)
    pet_animation_death4                     0x00004c0f   Thumb Code     6  pet.o(.text)
    pet_animation_death5                     0x00004c15   Thumb Code     6  pet.o(.text)
    pet_animation_death6                     0x00004c1b   Thumb Code     6  pet.o(.text)
    pet_animation_pet1                       0x00004c21   Thumb Code     6  pet.o(.text)
    pet_animation_pet2                       0x00004c27   Thumb Code     6  pet.o(.text)
    pet_animation_pet3                       0x00004c2d   Thumb Code     6  pet.o(.text)
    pet_animation_pet4                       0x00004c33   Thumb Code     6  pet.o(.text)
    draw_speaker_volume                      0x00004c39   Thumb Code    16  pet.o(.text)
    play_startup_sound                       0x00004c89   Thumb Code    62  tamagotchi.o(.text)
    DrawSnackButton                          0x00004cc7   Thumb Code    46  tamagotchi.o(.text)
    DrawPlayButton                           0x00004cf5   Thumb Code    46  tamagotchi.o(.text)
    DrawBackground                           0x00004d23   Thumb Code  1892  tamagotchi.o(.text)
    Tamagotchi_Init                          0x00005487   Thumb Code   102  tamagotchi.o(.text)
    canProceed                               0x000054ed   Thumb Code    10  tamagotchi.o(.text)
    gameCanRestart                           0x000054f7   Thumb Code    10  tamagotchi.o(.text)
    DrawResetButton                          0x00005501   Thumb Code    48  tamagotchi.o(.text)
    play_death_sound                         0x00005531   Thumb Code    62  tamagotchi.o(.text)
    GameOver                                 0x0000556f   Thumb Code    80  tamagotchi.o(.text)
    pet_decreaseSatiety                      0x000055bf   Thumb Code    34  tamagotchi.o(.text)
    pet_increaseSatiety                      0x000055e1   Thumb Code    22  tamagotchi.o(.text)
    pet_decreaseHappiness                    0x000055f7   Thumb Code    32  tamagotchi.o(.text)
    pet_increaseHappiness                    0x00005617   Thumb Code    22  tamagotchi.o(.text)
    DrawAgeBar                               0x0000562d   Thumb Code    40  tamagotchi.o(.text)
    pet_play                                 0x00005655   Thumb Code    32  tamagotchi.o(.text)
    pet_snack                                0x00005675   Thumb Code    32  tamagotchi.o(.text)
    play_eat_sound                           0x00005695   Thumb Code    60  tamagotchi.o(.text)
    play_pet_sound                           0x000056d1   Thumb Code    60  tamagotchi.o(.text)
    play_click_sound                         0x0000570d   Thumb Code    60  tamagotchi.o(.text)
    RIT_IRQHandler                           0x00005795   Thumb Code   252  irq_rit.o(.text)
    enable_RIT                               0x000058a9   Thumb Code    12  lib_rit.o(.text)
    disable_RIT                              0x000058b5   Thumb Code    12  lib_rit.o(.text)
    reset_RIT                                0x000058c1   Thumb Code     8  lib_rit.o(.text)
    init_RIT                                 0x000058c9   Thumb Code    58  lib_rit.o(.text)
    LPC17xx_SPI_SetSpeed                     0x0000590d   Thumb Code    16  touchpanel.o(.text)
    TP_Init                                  0x00005973   Thumb Code    20  touchpanel.o(.text)
    DelayUS                                  0x00005987   Thumb Code    20  touchpanel.o(.text)
    Read_X                                   0x000059d9   Thumb Code    34  touchpanel.o(.text)
    Read_Y                                   0x000059fb   Thumb Code    34  touchpanel.o(.text)
    TP_GetAdXY                               0x00005a1d   Thumb Code    28  touchpanel.o(.text)
    TP_DrawPoint                             0x00005a39   Thumb Code     8  touchpanel.o(.text)
    DrawCross                                0x00005a41   Thumb Code   266  touchpanel.o(.text)
    DeleteCross                              0x00005b4b   Thumb Code   268  touchpanel.o(.text)
    Read_Ads7846                             0x00005c57   Thumb Code   436  touchpanel.o(.text)
    setCalibrationMatrix                     0x00005e0b   Thumb Code   334  touchpanel.o(.text)
    getDisplayPoint                          0x00005f59   Thumb Code   176  touchpanel.o(.text)
    TouchPanel_Calibrate                     0x00006009   Thumb Code   120  touchpanel.o(.text)
    playNote                                 0x000060ad   Thumb Code    54  music.o(.text)
    isNotePlaying                            0x000060e3   Thumb Code    20  music.o(.text)
    update_volume                            0x00006101   Thumb Code    54  irq_adc.o(.text)
    ADC_IRQHandler                           0x00006137   Thumb Code    32  irq_adc.o(.text)
    get_volume                               0x00006157   Thumb Code     8  irq_adc.o(.text)
    ADC_init                                 0x00006169   Thumb Code    48  lib_adc.o(.text)
    ADC_start_conversion                     0x00006199   Thumb Code    12  lib_adc.o(.text)
    __2sprintf                               0x000061b9   Thumb Code    34  noretval__2sprintf.o(.text)
    _printf_pre_padding                      0x000061e1   Thumb Code    44  _printf_pad.o(.text)
    _printf_post_padding                     0x0000620d   Thumb Code    34  _printf_pad.o(.text)
    _printf_int_dec                          0x00006231   Thumb Code   104  _printf_dec.o(.text)
    __printf                                 0x000062a9   Thumb Code   308  __printf_flags_wp.o(.text)
    __aeabi_memcpy                           0x000063e1   Thumb Code     0  rt_memcpy_v6.o(.text)
    __rt_memcpy                              0x000063e1   Thumb Code   138  rt_memcpy_v6.o(.text)
    _memcpy_lastbytes                        0x00006447   Thumb Code     0  rt_memcpy_v6.o(.text)
    __aeabi_memclr4                          0x0000646b   Thumb Code     0  rt_memclr_w.o(.text)
    __aeabi_memclr8                          0x0000646b   Thumb Code     0  rt_memclr_w.o(.text)
    __rt_memclr_w                            0x0000646b   Thumb Code    78  rt_memclr_w.o(.text)
    _memset_w                                0x0000646f   Thumb Code     0  rt_memclr_w.o(.text)
    _printf_int_common                       0x000064b9   Thumb Code   178  _printf_intcommon.o(.text)
    _printf_char_common                      0x00006577   Thumb Code    32  _printf_char_common.o(.text)
    _sputc                                   0x0000659d   Thumb Code    10  _sputc.o(.text)
    __aeabi_memcpy4                          0x000065a7   Thumb Code     0  rt_memcpy_w.o(.text)
    __aeabi_memcpy8                          0x000065a7   Thumb Code     0  rt_memcpy_w.o(.text)
    __rt_memcpy_w                            0x000065a7   Thumb Code   100  rt_memcpy_w.o(.text)
    _memcpy_lastbytes_aligned                0x000065ef   Thumb Code     0  rt_memcpy_w.o(.text)
    __user_setup_stackheap                   0x0000660b   Thumb Code    74  sys_stackheap_outer.o(.text)
    exit                                     0x00006655   Thumb Code    18  exit.o(.text)
    __user_libspace                          0x00006669   Thumb Code     8  libspace.o(.text)
    __user_perproc_libspace                  0x00006669   Thumb Code     0  libspace.o(.text)
    __user_perthread_libspace                0x00006669   Thumb Code     0  libspace.o(.text)
    _sys_exit                                0x00006671   Thumb Code     8  sys_exit.o(.text)
    __semihosting_library_function           0x0000667d   Thumb Code     0  indicate_semi.o(.text)
    _is_digit                                0x0000667d   Thumb Code    14  __printf_wp.o(i._is_digit)
    __aeabi_dadd                             0x0000668d   Thumb Code     0  daddsub_clz.o(x$fpl$dadd)
    _dadd                                    0x0000668d   Thumb Code   332  daddsub_clz.o(x$fpl$dadd)
    __fpl_dcmp_Inf                           0x000067dd   Thumb Code    24  dcmpi.o(x$fpl$dcmpinf)
    __aeabi_ddiv                             0x000067f5   Thumb Code     0  ddiv.o(x$fpl$ddiv)
    _ddiv                                    0x000067f5   Thumb Code   552  ddiv.o(x$fpl$ddiv)
    __aeabi_cdcmpeq                          0x00006aa5   Thumb Code     0  deqf.o(x$fpl$deqf)
    _dcmpeq                                  0x00006aa5   Thumb Code   120  deqf.o(x$fpl$deqf)
    __aeabi_d2uiz                            0x00006b1d   Thumb Code     0  dfixu.o(x$fpl$dfixu)
    _dfixu                                   0x00006b1d   Thumb Code    90  dfixu.o(x$fpl$dfixu)
    __aeabi_i2d                              0x00006b77   Thumb Code     0  dflt_clz.o(x$fpl$dflt)
    _dflt                                    0x00006b77   Thumb Code    46  dflt_clz.o(x$fpl$dflt)
    __aeabi_ui2d                             0x00006ba5   Thumb Code     0  dflt_clz.o(x$fpl$dfltu)
    _dfltu                                   0x00006ba5   Thumb Code    38  dflt_clz.o(x$fpl$dfltu)
    __aeabi_dmul                             0x00006bcd   Thumb Code     0  dmul.o(x$fpl$dmul)
    _dmul                                    0x00006bcd   Thumb Code   332  dmul.o(x$fpl$dmul)
    __fpl_dnaninf                            0x00006d21   Thumb Code   156  dnaninf.o(x$fpl$dnaninf)
    __fpl_dretinf                            0x00006dbd   Thumb Code    12  dretinf.o(x$fpl$dretinf)
    __aeabi_dsub                             0x00006dc9   Thumb Code     0  daddsub_clz.o(x$fpl$dsub)
    _dsub                                    0x00006dc9   Thumb Code   464  daddsub_clz.o(x$fpl$dsub)
    __aeabi_f2d                              0x00006f9d   Thumb Code     0  f2d.o(x$fpl$f2d)
    _f2d                                     0x00006f9d   Thumb Code    86  f2d.o(x$fpl$f2d)
    __fpl_fcheck_NaN1                        0x00006ff5   Thumb Code     6  fcheck1.o(x$fpl$fcheck1)
    __aeabi_ui2f                             0x00007001   Thumb Code     0  fflt_clz.o(x$fpl$ffltu)
    _ffltu                                   0x00007001   Thumb Code    38  fflt_clz.o(x$fpl$ffltu)
    __aeabi_fmul                             0x00007029   Thumb Code     0  fmul.o(x$fpl$fmul)
    _fmul                                    0x00007029   Thumb Code   258  fmul.o(x$fpl$fmul)
    __fpl_fnaninf                            0x0000712b   Thumb Code   140  fnaninf.o(x$fpl$fnaninf)
    __fpl_fretinf                            0x000071b7   Thumb Code    10  fretinf.o(x$fpl$fretinf)
    __fpl_return_NaN                         0x000071c1   Thumb Code   100  retnan.o(x$fpl$retnan)
    __ARM_scalbnf                            0x00007225   Thumb Code    76  scalbnf.o(x$fpl$scalbnf)
    __fpl_cmpreturn                          0x00007271   Thumb Code    48  trapv.o(x$fpl$trapveneer)
    __I$use$fp                               0x000072a0   Number         0  usenofp.o(x$fpl$usenofp)
    Region$$Table$$Base                      0x000078a4   Number         0  anon$$obj.o(Region$$Table)
    Region$$Table$$Limit                     0x000078d4   Number         0  anon$$obj.o(Region$$Table)
    pet_pet1                                 0x10000000   Data        1800  pet.o(.data)
    pet_pet2                                 0x10000708   Data        1800  pet.o(.data)
    pet_pet3                                 0x10000e10   Data        1800  pet.o(.data)
    pet_pet4                                 0x10001518   Data        1800  pet.o(.data)
    pet_stance_idle_bocca_aperta             0x10001c20   Data        1800  pet.o(.data)
    pet_stance_idle_bocca_chiusa             0x10002328   Data        1800  pet.o(.data)
    pet_ghost                                0x10002a30   Data         450  pet.o(.data)
    snack                                    0x10002bf2   Data         450  pet.o(.data)
    pet_death2                               0x10002db4   Data        1800  pet.o(.data)
    pet_death3                               0x100034bc   Data        1800  pet.o(.data)
    pet_death4                               0x10003bc4   Data        1800  pet.o(.data)
    pet_death5                               0x100042cc   Data        1800  pet.o(.data)
    hunger                                   0x100049d4   Data         512  pet.o(.data)
    volume_speaker_array                     0x10004bd4   Data          16  pet.o(.data)
    which_ghost                              0x10004be4   Data          24  pet.o(.data)
    SystemFrequency                          0x2007c000   Data           4  system_lpc17xx.o(.data)
    HoChiamatoGameOver                       0x2007c004   Data           1  irq_timer.o(.data)
    SinTable                                 0x2007c014   Data          90  irq_timer.o(.data)
    ghost_1                                  0x2007c07c   Data         512  pet.o(.data)
    ghost_2                                  0x2007c27c   Data         512  pet.o(.data)
    ghost_3                                  0x2007c47c   Data         512  pet.o(.data)
    ghost_4                                  0x2007c67c   Data         512  pet.o(.data)
    ghost_5                                  0x2007c87c   Data         512  pet.o(.data)
    speaker_volume0                          0x2007ca7c   Data         800  pet.o(.data)
    speaker_volume1                          0x2007cd9c   Data         800  pet.o(.data)
    speaker_volume2                          0x2007d0bc   Data         800  pet.o(.data)
    speaker_volume3                          0x2007d3dc   Data         800  pet.o(.data)
    pacman_sound_startup                     0x2007d710   Data         248  tamagotchi.o(.data)
    pacman_sound_eat                         0x2007d808   Data          96  tamagotchi.o(.data)
    pacman_sound_death                       0x2007d868   Data         448  tamagotchi.o(.data)
    pacman_sound_click                       0x2007da28   Data          24  tamagotchi.o(.data)
    pacman_sound_pet                         0x2007da40   Data         176  tamagotchi.o(.data)
    DisplaySample                            0x2007daf6   Data          12  touchpanel.o(.data)
    display                                  0x2007db02   Data           4  touchpanel.o(.data)
    AD_current                               0x2007db08   Data           2  irq_adc.o(.data)
    AD_last                                  0x2007db0a   Data           2  irq_adc.o(.data)
    black_matrix                             0x2007db0c   Data        1800  pet.o(.bss)
    pet_death6                               0x2007e214   Data        1800  pet.o(.bss)
    matrix                                   0x2007e920   Data          56  touchpanel.o(.bss)
    ScreenSample                             0x2007e958   Data          12  touchpanel.o(.bss)
    __libspace_start                         0x2007e964   Data          96  libspace.o(.bss)
    __temporary_stack_top$libspace           0x2007e9c4   Data           0  libspace.o(.bss)



==============================================================================

Memory Map of the image

  Image Entry point : 0x000000cd

  Load Region LR_IROM1 (Base: 0x00000000, Size: 0x0000dfdc, Max: 0x00080000, ABSOLUTE, COMPRESSED[0x00008128])

    Execution Region ER_IROM1 (Exec base: 0x00000000, Load base: 0x00000000, Size: 0x000078d4, Max: 0x00080000, ABSOLUTE)

    Exec Addr    Load Addr    Size         Type   Attr      Idx    E Section Name        Object

    0x00000000   0x00000000   0x000000cc   Data   RO            3    RESET               startup_lpc17xx.o
    0x000000cc   0x000000cc   0x00000008   Code   RO          656  * !!!main             c_w.l(__main.o)
    0x000000d4   0x000000d4   0x00000034   Code   RO          881    !!!scatter          c_w.l(__scatter.o)
    0x00000108   0x00000108   0x00000064   Code   RO          879    !!dclz77c           c_w.l(__dclz77c.o)
    0x0000016c   0x0000016c   0x0000001c   Code   RO          883    !!handler_zi        c_w.l(__scatter_zi.o)
    0x00000188   0x00000188   0x00000000   Code   RO          649    .ARM.Collect$$_printf_percent$$00000000  c_w.l(_printf_percent.o)
    0x00000188   0x00000188   0x00000006   Code   RO          648    .ARM.Collect$$_printf_percent$$00000009  c_w.l(_printf_d.o)
    0x0000018e   0x0000018e   0x00000004   Code   RO          701    .ARM.Collect$$_printf_percent$$00000017  c_w.l(_printf_percent_end.o)
    0x00000192   0x00000192   0x00000002   Code   RO          745    .ARM.Collect$$libinit$$00000000  c_w.l(libinit.o)
    0x00000194   0x00000194   0x00000000   Code   RO          754    .ARM.Collect$$libinit$$00000002  c_w.l(libinit2.o)
    0x00000194   0x00000194   0x00000000   Code   RO          756    .ARM.Collect$$libinit$$00000004  c_w.l(libinit2.o)
    0x00000194   0x00000194   0x00000000   Code   RO          759    .ARM.Collect$$libinit$$0000000A  c_w.l(libinit2.o)
    0x00000194   0x00000194   0x00000000   Code   RO          761    .ARM.Collect$$libinit$$0000000C  c_w.l(libinit2.o)
    0x00000194   0x00000194   0x00000000   Code   RO          763    .ARM.Collect$$libinit$$0000000E  c_w.l(libinit2.o)
    0x00000194   0x00000194   0x00000000   Code   RO          766    .ARM.Collect$$libinit$$00000011  c_w.l(libinit2.o)
    0x00000194   0x00000194   0x00000000   Code   RO          768    .ARM.Collect$$libinit$$00000013  c_w.l(libinit2.o)
    0x00000194   0x00000194   0x00000000   Code   RO          770    .ARM.Collect$$libinit$$00000015  c_w.l(libinit2.o)
    0x00000194   0x00000194   0x00000000   Code   RO          772    .ARM.Collect$$libinit$$00000017  c_w.l(libinit2.o)
    0x00000194   0x00000194   0x00000000   Code   RO          774    .ARM.Collect$$libinit$$00000019  c_w.l(libinit2.o)
    0x00000194   0x00000194   0x00000000   Code   RO          776    .ARM.Collect$$libinit$$0000001B  c_w.l(libinit2.o)
    0x00000194   0x00000194   0x00000000   Code   RO          778    .ARM.Collect$$libinit$$0000001D  c_w.l(libinit2.o)
    0x00000194   0x00000194   0x00000000   Code   RO          780    .ARM.Collect$$libinit$$0000001F  c_w.l(libinit2.o)
    0x00000194   0x00000194   0x00000000   Code   RO          782    .ARM.Collect$$libinit$$00000021  c_w.l(libinit2.o)
    0x00000194   0x00000194   0x00000000   Code   RO          784    .ARM.Collect$$libinit$$00000023  c_w.l(libinit2.o)
    0x00000194   0x00000194   0x00000000   Code   RO          786    .ARM.Collect$$libinit$$00000025  c_w.l(libinit2.o)
    0x00000194   0x00000194   0x00000000   Code   RO          790    .ARM.Collect$$libinit$$0000002C  c_w.l(libinit2.o)
    0x00000194   0x00000194   0x00000000   Code   RO          792    .ARM.Collect$$libinit$$0000002E  c_w.l(libinit2.o)
    0x00000194   0x00000194   0x00000000   Code   RO          794    .ARM.Collect$$libinit$$00000030  c_w.l(libinit2.o)
    0x00000194   0x00000194   0x00000000   Code   RO          796    .ARM.Collect$$libinit$$00000032  c_w.l(libinit2.o)
    0x00000194   0x00000194   0x00000002   Code   RO          797    .ARM.Collect$$libinit$$00000033  c_w.l(libinit2.o)
    0x00000196   0x00000196   0x00000002   Code   RO          817    .ARM.Collect$$libshutdown$$00000000  c_w.l(libshutdown.o)
    0x00000198   0x00000198   0x00000000   Code   RO          830    .ARM.Collect$$libshutdown$$00000002  c_w.l(libshutdown2.o)
    0x00000198   0x00000198   0x00000000   Code   RO          832    .ARM.Collect$$libshutdown$$00000004  c_w.l(libshutdown2.o)
    0x00000198   0x00000198   0x00000000   Code   RO          834    .ARM.Collect$$libshutdown$$00000006  c_w.l(libshutdown2.o)
    0x00000198   0x00000198   0x00000000   Code   RO          837    .ARM.Collect$$libshutdown$$00000009  c_w.l(libshutdown2.o)
    0x00000198   0x00000198   0x00000000   Code   RO          840    .ARM.Collect$$libshutdown$$0000000C  c_w.l(libshutdown2.o)
    0x00000198   0x00000198   0x00000000   Code   RO          842    .ARM.Collect$$libshutdown$$0000000E  c_w.l(libshutdown2.o)
    0x00000198   0x00000198   0x00000000   Code   RO          845    .ARM.Collect$$libshutdown$$00000011  c_w.l(libshutdown2.o)
    0x00000198   0x00000198   0x00000002   Code   RO          846    .ARM.Collect$$libshutdown$$00000012  c_w.l(libshutdown2.o)
    0x0000019a   0x0000019a   0x00000000   Code   RO          694    .ARM.Collect$$rtentry$$00000000  c_w.l(__rtentry.o)
    0x0000019a   0x0000019a   0x00000000   Code   RO          718    .ARM.Collect$$rtentry$$00000002  c_w.l(__rtentry2.o)
    0x0000019a   0x0000019a   0x00000006   Code   RO          730    .ARM.Collect$$rtentry$$00000004  c_w.l(__rtentry4.o)
    0x000001a0   0x000001a0   0x00000000   Code   RO          720    .ARM.Collect$$rtentry$$00000009  c_w.l(__rtentry2.o)
    0x000001a0   0x000001a0   0x00000004   Code   RO          721    .ARM.Collect$$rtentry$$0000000A  c_w.l(__rtentry2.o)
    0x000001a4   0x000001a4   0x00000000   Code   RO          723    .ARM.Collect$$rtentry$$0000000C  c_w.l(__rtentry2.o)
    0x000001a4   0x000001a4   0x00000008   Code   RO          724    .ARM.Collect$$rtentry$$0000000D  c_w.l(__rtentry2.o)
    0x000001ac   0x000001ac   0x00000002   Code   RO          751    .ARM.Collect$$rtexit$$00000000  c_w.l(rtexit.o)
    0x000001ae   0x000001ae   0x00000000   Code   RO          799    .ARM.Collect$$rtexit$$00000002  c_w.l(rtexit2.o)
    0x000001ae   0x000001ae   0x00000004   Code   RO          800    .ARM.Collect$$rtexit$$00000003  c_w.l(rtexit2.o)
    0x000001b2   0x000001b2   0x00000006   Code   RO          801    .ARM.Collect$$rtexit$$00000004  c_w.l(rtexit2.o)
    0x000001b8   0x000001b8   0x00000034   Code   RO            5    .text               startup_lpc17xx.o
    0x000001ec   0x000001ec   0x000000d4   Code   RO           16    .text               sample.o
    0x000002c0   0x000002c0   0x00000014   Code   RO          227    .text               asciilib.o
    0x000002d4   0x000002d4   0x00000020   Code   RO          390    .text               lib_joystick.o
    0x000002f4   0x000002f4   0x00000006   Code   RO          654    .text               c_w.l(heapauxi.o)
    0x000002fa   0x000002fa   0x00000002   Code   RO          820    .text               c_w.l(use_no_semi.o)
    0x000002fc   0x000002fc   0x00000004   Code   RO            4    .ARM.__at_0x02FC    startup_lpc17xx.o
    0x00000300   0x00000300   0x00000188   Code   RO          106    .text               system_lpc17xx.o
    0x00000488   0x00000488   0x0000034c   Code   RO          137    .text               irq_timer.o
    0x000007d4   0x000007d4   0x00000140   Code   RO          200    .text               lib_timer.o
    0x00000914   0x00000914   0x0000415c   Code   RO          247    .text               glcd.o
    0x00004a70   0x00004a70   0x00000218   Code   RO          293    .text               pet.o
    0x00004c88   0x00004c88   0x00000b0c   Code   RO          336    .text               tamagotchi.o
    0x00005794   0x00005794   0x00000114   Code   RO          414    .text               irq_rit.o
    0x000058a8   0x000058a8   0x00000064   Code   RO          459    .text               lib_rit.o
    0x0000590c   0x0000590c   0x000007a0   Code   RO          483    .text               touchpanel.o
    0x000060ac   0x000060ac   0x00000054   Code   RO          518    .text               music.o
    0x00006100   0x00006100   0x00000068   Code   RO          555    .text               irq_adc.o
    0x00006168   0x00006168   0x00000050   Code   RO          591    .text               lib_adc.o
    0x000061b8   0x000061b8   0x00000028   Code   RO          620    .text               c_w.l(noretval__2sprintf.o)
    0x000061e0   0x000061e0   0x0000004e   Code   RO          624    .text               c_w.l(_printf_pad.o)
    0x0000622e   0x0000622e   0x00000002   PAD
    0x00006230   0x00006230   0x00000078   Code   RO          626    .text               c_w.l(_printf_dec.o)
    0x000062a8   0x000062a8   0x00000138   Code   RO          640    .text               c_w.l(__printf_flags_wp.o)
    0x000063e0   0x000063e0   0x0000008a   Code   RO          650    .text               c_w.l(rt_memcpy_v6.o)
    0x0000646a   0x0000646a   0x0000004e   Code   RO          652    .text               c_w.l(rt_memclr_w.o)
    0x000064b8   0x000064b8   0x000000b2   Code   RO          695    .text               c_w.l(_printf_intcommon.o)
    0x0000656a   0x0000656a   0x00000002   PAD
    0x0000656c   0x0000656c   0x00000030   Code   RO          697    .text               c_w.l(_printf_char_common.o)
    0x0000659c   0x0000659c   0x0000000a   Code   RO          699    .text               c_w.l(_sputc.o)
    0x000065a6   0x000065a6   0x00000064   Code   RO          702    .text               c_w.l(rt_memcpy_w.o)
    0x0000660a   0x0000660a   0x0000004a   Code   RO          736    .text               c_w.l(sys_stackheap_outer.o)
    0x00006654   0x00006654   0x00000012   Code   RO          738    .text               c_w.l(exit.o)
    0x00006666   0x00006666   0x00000002   PAD
    0x00006668   0x00006668   0x00000008   Code   RO          748    .text               c_w.l(libspace.o)
    0x00006670   0x00006670   0x0000000c   Code   RO          809    .text               c_w.l(sys_exit.o)
    0x0000667c   0x0000667c   0x00000000   Code   RO          822    .text               c_w.l(indicate_semi.o)
    0x0000667c   0x0000667c   0x0000000e   Code   RO          638    i._is_digit         c_w.l(__printf_wp.o)
    0x0000668a   0x0000668a   0x00000002   PAD
    0x0000668c   0x0000668c   0x00000150   Code   RO          658    x$fpl$dadd          fz_ws.l(daddsub_clz.o)
    0x000067dc   0x000067dc   0x00000018   Code   RO          704    x$fpl$dcmpinf       fz_ws.l(dcmpi.o)
    0x000067f4   0x000067f4   0x000002b0   Code   RO          665    x$fpl$ddiv          fz_ws.l(ddiv.o)
    0x00006aa4   0x00006aa4   0x00000078   Code   RO          668    x$fpl$deqf          fz_ws.l(deqf.o)
    0x00006b1c   0x00006b1c   0x0000005a   Code   RO          670    x$fpl$dfixu         fz_ws.l(dfixu.o)
    0x00006b76   0x00006b76   0x0000002e   Code   RO          675    x$fpl$dflt          fz_ws.l(dflt_clz.o)
    0x00006ba4   0x00006ba4   0x00000026   Code   RO          674    x$fpl$dfltu         fz_ws.l(dflt_clz.o)
    0x00006bca   0x00006bca   0x00000002   PAD
    0x00006bcc   0x00006bcc   0x00000154   Code   RO          680    x$fpl$dmul          fz_ws.l(dmul.o)
    0x00006d20   0x00006d20   0x0000009c   Code   RO          706    x$fpl$dnaninf       fz_ws.l(dnaninf.o)
    0x00006dbc   0x00006dbc   0x0000000c   Code   RO          708    x$fpl$dretinf       fz_ws.l(dretinf.o)
    0x00006dc8   0x00006dc8   0x000001d4   Code   RO          660    x$fpl$dsub          fz_ws.l(daddsub_clz.o)
    0x00006f9c   0x00006f9c   0x00000056   Code   RO          682    x$fpl$f2d           fz_ws.l(f2d.o)
    0x00006ff2   0x00006ff2   0x00000002   PAD
    0x00006ff4   0x00006ff4   0x0000000c   Code   RO          710    x$fpl$fcheck1       fz_ws.l(fcheck1.o)
    0x00007000   0x00007000   0x00000026   Code   RO          684    x$fpl$ffltu         fz_ws.l(fflt_clz.o)
    0x00007026   0x00007026   0x00000002   PAD
    0x00007028   0x00007028   0x00000102   Code   RO          690    x$fpl$fmul          fz_ws.l(fmul.o)
    0x0000712a   0x0000712a   0x0000008c   Code   RO          712    x$fpl$fnaninf       fz_ws.l(fnaninf.o)
    0x000071b6   0x000071b6   0x0000000a   Code   RO          714    x$fpl$fretinf       fz_ws.l(fretinf.o)
    0x000071c0   0x000071c0   0x00000064   Code   RO          734    x$fpl$retnan        fz_ws.l(retnan.o)
    0x00007224   0x00007224   0x0000004c   Code   RO          692    x$fpl$scalbnf       fz_ws.l(scalbnf.o)
    0x00007270   0x00007270   0x00000030   Code   RO          746    x$fpl$trapveneer    fz_ws.l(trapv.o)
    0x000072a0   0x000072a0   0x00000000   Code   RO          716    x$fpl$usenofp       fz_ws.l(usenofp.o)
    0x000072a0   0x000072a0   0x000005f0   Data   RO          228    .constdata          asciilib.o
    0x00007890   0x00007890   0x00000011   Data   RO          641    .constdata          c_w.l(__printf_flags_wp.o)
    0x000078a1   0x000078a1   0x00000003   PAD
    0x000078a4   0x000078a4   0x00000030   Data   RO          877    Region$$Table       anon$$obj.o


    Execution Region RW_IRAM1 (Exec base: 0x10000000, Load base: 0x000078d4, Size: 0x00004bfc, Max: 0x00008000, ABSOLUTE, COMPRESSED[0x000004d0])

    Exec Addr    Load Addr    Size         Type   Attr      Idx    E Section Name        Object

    0x10000000   COMPRESSED   0x00004bfc   Data   RW          295    .data               pet.o


    Execution Region RW_IRAM2 (Exec base: 0x2007c000, Load base: 0x00007da4, Size: 0x00002bc8, Max: 0x00008000, ABSOLUTE, COMPRESSED[0x00000384])

    Exec Addr    Load Addr    Size         Type   Attr      Idx    E Section Name        Object

    0x2007c000   COMPRESSED   0x00000004   Data   RW          107    .data               system_lpc17xx.o
    0x2007c004   COMPRESSED   0x0000006a   Data   RW          138    .data               irq_timer.o
    0x2007c06e   COMPRESSED   0x00000002   PAD
    0x2007c070   COMPRESSED   0x00000008   Data   RW          201    .data               lib_timer.o
    0x2007c078   COMPRESSED   0x00000004   Data   RW          248    .data               glcd.o
    0x2007c07c   COMPRESSED   0x00000200   Data   RW          296    .data               pet.o
    0x2007c27c   COMPRESSED   0x00000200   Data   RW          297    .data               pet.o
    0x2007c47c   COMPRESSED   0x00000200   Data   RW          298    .data               pet.o
    0x2007c67c   COMPRESSED   0x00000200   Data   RW          299    .data               pet.o
    0x2007c87c   COMPRESSED   0x00000200   Data   RW          300    .data               pet.o
    0x2007ca7c   COMPRESSED   0x00000320   Data   RW          301    .data               pet.o
    0x2007cd9c   COMPRESSED   0x00000320   Data   RW          302    .data               pet.o
    0x2007d0bc   COMPRESSED   0x00000320   Data   RW          303    .data               pet.o
    0x2007d3dc   COMPRESSED   0x00000320   Data   RW          304    .data               pet.o
    0x2007d6fc   COMPRESSED   0x000003f4   Data   RW          337    .data               tamagotchi.o
    0x2007daf0   COMPRESSED   0x00000001   Data   RW          415    .data               irq_rit.o
    0x2007daf1   COMPRESSED   0x00000001   PAD
    0x2007daf2   COMPRESSED   0x00000010   Data   RW          485    .data               touchpanel.o
    0x2007db02   COMPRESSED   0x00000004   Data   RW          486    .data               touchpanel.o
    0x2007db06   COMPRESSED   0x00000006   Data   RW          556    .data               irq_adc.o
    0x2007db0c        -       0x00000e10   Zero   RW          294    .bss                pet.o
    0x2007e91c   COMPRESSED   0x00000004   PAD
    0x2007e920        -       0x00000044   Zero   RW          484    .bss                touchpanel.o
    0x2007e964        -       0x00000060   Zero   RW          749    .bss                c_w.l(libspace.o)
    0x2007e9c4   COMPRESSED   0x00000004   PAD
    0x2007e9c8        -       0x00000000   Zero   RW            2    HEAP                startup_lpc17xx.o
    0x2007e9c8        -       0x00000200   Zero   RW            1    STACK               startup_lpc17xx.o


==============================================================================

Image component sizes


      Code (inc. data)   RO Data    RW Data    ZI Data      Debug   Object Name

        20          6       1520          0          0        987   asciilib.o
     16732         76          0          4          0      53965   glcd.o
       104         10          0          6          0       1203   irq_adc.o
       276         24          0          1          0        689   irq_rit.o
       844         24          0        106          0      19340   irq_timer.o
        80         20          0          0          0      27095   lib_adc.o
        32         10          0          0          0        432   lib_joystick.o
       100         10          0          0          0        932   lib_rit.o
       320         18          0          8          0      28916   lib_timer.o
        84         10          0          0          0       2109   music.o
       536         64          0      25212       3600       6604   pet.o
       212         24          0          0          0      48518   sample.o
        56         22        204          0        512       1016   startup_lpc17xx.o
       392         32          0          4          0        827   system_lpc17xx.o
      2828         96          0       1012          0       7508   tamagotchi.o
      1952         60          0         20         68       6226   touchpanel.o

    ----------------------------------------------------------------------
     24568        506       1772      26376       4184     206367   Object Totals
         0          0         48          0          0          0   (incl. Generated)
         0          0          0          3          4          0   (incl. Padding)

    ----------------------------------------------------------------------

      Code (inc. data)   RO Data    RW Data    ZI Data      Debug   Library Member Name

       100          0          0          0          0          0   __dclz77c.o
         8          0          0          0          0         68   __main.o
       312          4         17          0          0         92   __printf_flags_wp.o
        14          0          0          0          0         68   __printf_wp.o
         0          0          0          0          0          0   __rtentry.o
        12          0          0          0          0          0   __rtentry2.o
         6          0          0          0          0          0   __rtentry4.o
        52          8          0          0          0          0   __scatter.o
        28          0          0          0          0          0   __scatter_zi.o
        48          6          0          0          0         96   _printf_char_common.o
         6          0          0          0          0          0   _printf_d.o
       120         16          0          0          0         92   _printf_dec.o
       178          0          0          0          0         88   _printf_intcommon.o
        78          0          0          0          0        108   _printf_pad.o
         0          0          0          0          0          0   _printf_percent.o
         4          0          0          0          0          0   _printf_percent_end.o
        10          0          0          0          0         68   _sputc.o
        18          0          0          0          0         80   exit.o
         6          0          0          0          0        152   heapauxi.o
         0          0          0          0          0          0   indicate_semi.o
         2          0          0          0          0          0   libinit.o
         2          0          0          0          0          0   libinit2.o
         2          0          0          0          0          0   libshutdown.o
         2          0          0          0          0          0   libshutdown2.o
         8          4          0          0         96         68   libspace.o
        40          6          0          0          0         84   noretval__2sprintf.o
        78          0          0          0          0         80   rt_memclr_w.o
       138          0          0          0          0         68   rt_memcpy_v6.o
       100          0          0          0          0         80   rt_memcpy_w.o
         2          0          0          0          0          0   rtexit.o
        10          0          0          0          0          0   rtexit2.o
        12          4          0          0          0         68   sys_exit.o
        74          0          0          0          0         80   sys_stackheap_outer.o
         2          0          0          0          0         68   use_no_semi.o
       804         16          0          0          0        272   daddsub_clz.o
        24          0          0          0          0         68   dcmpi.o
       688        140          0          0          0        208   ddiv.o
       120          4          0          0          0         92   deqf.o
        90          4          0          0          0         92   dfixu.o
        84          0          0          0          0        136   dflt_clz.o
       340         12          0          0          0        104   dmul.o
       156          4          0          0          0         92   dnaninf.o
        12          0          0          0          0         68   dretinf.o
        86          4          0          0          0         84   f2d.o
        12          4          0          0          0         68   fcheck1.o
        38          0          0          0          0         68   fflt_clz.o
       258          4          0          0          0         84   fmul.o
       140          4          0          0          0         84   fnaninf.o
        10          0          0          0          0         68   fretinf.o
       100          0          0          0          0         68   retnan.o
        76          0          0          0          0         68   scalbnf.o
        48          0          0          0          0         68   trapv.o
         0          0          0          0          0          0   usenofp.o

    ----------------------------------------------------------------------
      4572        244         20          0        100       3300   Library Totals
        14          0          3          0          4          0   (incl. Padding)

    ----------------------------------------------------------------------

      Code (inc. data)   RO Data    RW Data    ZI Data      Debug   Library Name

      1472         48         17          0         96       1508   c_w.l
      3086        196          0          0          0       1792   fz_ws.l

    ----------------------------------------------------------------------
      4572        244         20          0        100       3300   Library Totals

    ----------------------------------------------------------------------

==============================================================================


      Code (inc. data)   RO Data    RW Data    ZI Data      Debug   

     29140        750       1792      26376       4284     206855   Grand Totals
     29140        750       1792       2132       4284     206855   ELF Image Totals (compressed)
     29140        750       1792       2132          0          0   ROM Totals

==============================================================================

    Total RO  Size (Code + RO Data)                30932 (  30.21kB)
    Total RW  Size (RW Data + ZI Data)             30660 (  29.94kB)
    Total ROM Size (Code + RO Data + RW Data)      33064 (  32.29kB)

==============================================================================

