Component: ARM Compiler 5.06 update 7 (build 960) Tool: armlink [4d3601]

==============================================================================

Section Cross References

    startup_lpc17xx.o(STACK) refers (Special) to heapauxi.o(.text) for __use_two_region_memory
    startup_lpc17xx.o(HEAP) refers (Special) to heapauxi.o(.text) for __use_two_region_memory
    startup_lpc17xx.o(RESET) refers (Special) to heapauxi.o(.text) for __use_two_region_memory
    startup_lpc17xx.o(RESET) refers to startup_lpc17xx.o(STACK) for __initial_sp
    startup_lpc17xx.o(RESET) refers to startup_lpc17xx.o(.text) for Reset_Handler
    startup_lpc17xx.o(RESET) refers to irq_timer.o(.text) for TIMER0_IRQHandler
    startup_lpc17xx.o(RESET) refers to irq_rit.o(.text) for RIT_IRQHandler
    startup_lpc17xx.o(.ARM.__at_0x02FC) refers (Special) to heapauxi.o(.text) for __use_two_region_memory
    startup_lpc17xx.o(.text) refers (Special) to heapauxi.o(.text) for __use_two_region_memory
    startup_lpc17xx.o(.text) refers to __main.o(!!!main) for __main
    startup_lpc17xx.o(.text) refers to startup_lpc17xx.o(HEAP) for Heap_Mem
    startup_lpc17xx.o(.text) refers to startup_lpc17xx.o(STACK) for Stack_Mem
    sample.o(.text) refers to system_lpc17xx.o(.text) for SystemInit
    sample.o(.text) refers to glcd.o(.text) for LCD_Initialization
    sample.o(.text) refers to lib_timer.o(.text) for init_timer
    sample.o(.text) refers to tamagotchi.o(.text) for Tamagotchi_Init
    sample.o(.text) refers to lib_joystick.o(.text) for joystick_init
    sample.o(.text) refers to lib_rit.o(.text) for init_RIT
    system_lpc17xx.o(.text) refers to system_lpc17xx.o(.data) for SystemFrequency
    irq_timer.o(.text) refers to pet.o(.text) for DrawPet_idle_stance1
    irq_timer.o(.text) refers to tamagotchi.o(.text) for DrawAgeBar
    irq_timer.o(.text) refers to irq_timer.o(.data) for seconds
    asciilib.o(.text) refers to rt_memcpy_v6.o(.text) for __aeabi_memcpy
    asciilib.o(.text) refers to asciilib.o(.constdata) for AsciiLib
    glcd.o(.text) refers to glcd.o(.data) for LCD_Code
    glcd.o(.text) refers to asciilib.o(.text) for GetASCIICode
    hzlib.o(.text) refers to rt_memcpy_v6.o(.text) for __aeabi_memcpy
    hzlib.o(.text) refers to hzlib.o(.constdata) for HzLib
    pet.o(.text) refers to glcd.o(.text) for LCD_SetPoint
    pet.o(.text) refers to pet.o(.data) for pet_stance1
    pet.o(.text) refers to pet.o(.bss) for pet_death6
    tamagotchi.o(.text) refers to _printf_pad.o(.text) for _printf_pre_padding
    tamagotchi.o(.text) refers to _printf_percent.o(.ARM.Collect$$_printf_percent$$00000000) for _printf_percent
    tamagotchi.o(.text) refers to _printf_d.o(.ARM.Collect$$_printf_percent$$00000009) for _printf_d
    tamagotchi.o(.text) refers to _printf_dec.o(.text) for _printf_int_dec
    tamagotchi.o(.text) refers to glcd.o(.text) for GUI_Text
    tamagotchi.o(.text) refers to noretval__2sprintf.o(.text) for __2sprintf
    tamagotchi.o(.text) refers to tamagotchi.o(.data) for satiety
    tamagotchi.o(.text) refers to lib_timer.o(.text) for disable_timer
    tamagotchi.o(.text) refers to pet.o(.text) for DrawPet_death
    irq_rit.o(.text) refers to lib_rit.o(.text) for disable_RIT
    irq_rit.o(.text) refers to tamagotchi.o(.text) for pet_play
    irq_rit.o(.text) refers to irq_rit.o(.data) for last_key_pressed
    __2sprintf.o(.text) refers to _printf_char_common.o(.text) for _printf_char_common
    __2sprintf.o(.text) refers to _sputc.o(.text) for _sputc
    noretval__2sprintf.o(.text) refers to _printf_char_common.o(.text) for _printf_char_common
    noretval__2sprintf.o(.text) refers to _sputc.o(.text) for _sputc
    __printf.o(.text) refers to _printf_percent.o(.ARM.Collect$$_printf_percent$$00000000) for _printf_percent
    _printf_dec.o(.text) refers to _printf_intcommon.o(.text) for _printf_int_common
    __printf_flags.o(.text) refers to _printf_percent.o(.ARM.Collect$$_printf_percent$$00000000) for _printf_percent
    __printf_flags.o(.text) refers to __printf_flags.o(.constdata) for .constdata
    __printf_ss.o(.text) refers to _printf_percent.o(.ARM.Collect$$_printf_percent$$00000000) for _printf_percent
    __printf_flags_ss.o(.text) refers to _printf_percent.o(.ARM.Collect$$_printf_percent$$00000000) for _printf_percent
    __printf_flags_ss.o(.text) refers to __printf_flags_ss.o(.constdata) for .constdata
    __printf_wp.o(.text) refers to __printf_wp.o(i._is_digit) for _is_digit
    __printf_wp.o(.text) refers to _printf_percent.o(.ARM.Collect$$_printf_percent$$00000000) for _printf_percent
    __printf_flags_wp.o(.text) refers to __printf_wp.o(i._is_digit) for _is_digit
    __printf_flags_wp.o(.text) refers to _printf_percent.o(.ARM.Collect$$_printf_percent$$00000000) for _printf_percent
    __printf_flags_wp.o(.text) refers to __printf_flags_wp.o(.constdata) for .constdata
    __printf_ss_wp.o(.text) refers to __printf_wp.o(i._is_digit) for _is_digit
    __printf_ss_wp.o(.text) refers to _printf_percent.o(.ARM.Collect$$_printf_percent$$00000000) for _printf_percent
    __printf_flags_ss_wp.o(.text) refers to __printf_wp.o(i._is_digit) for _is_digit
    __printf_flags_ss_wp.o(.text) refers to _printf_percent.o(.ARM.Collect$$_printf_percent$$00000000) for _printf_percent
    __printf_flags_ss_wp.o(.text) refers to __printf_flags_ss_wp.o(.constdata) for .constdata
    _printf_d.o(.ARM.Collect$$_printf_percent$$00000009) refers (Weak) to _printf_dec.o(.text) for _printf_int_dec
    _printf_percent.o(.ARM.Collect$$_printf_percent$$00000000) refers (Special) to _printf_percent_end.o(.ARM.Collect$$_printf_percent$$00000017) for _printf_percent_end
    rt_memcpy_v6.o(.text) refers to rt_memcpy_w.o(.text) for __aeabi_memcpy4
    __main.o(!!!main) refers to __rtentry.o(.ARM.Collect$$rtentry$$00000000) for __rt_entry
    __rtentry.o(.ARM.Collect$$rtentry$$00000000) refers (Special) to __rtentry2.o(.ARM.Collect$$rtentry$$0000000A) for __rt_entry_li
    __rtentry.o(.ARM.Collect$$rtentry$$00000000) refers (Special) to __rtentry2.o(.ARM.Collect$$rtentry$$0000000D) for __rt_entry_main
    __rtentry.o(.ARM.Collect$$rtentry$$00000000) refers (Special) to __rtentry2.o(.ARM.Collect$$rtentry$$0000000C) for __rt_entry_postli_1
    __rtentry.o(.ARM.Collect$$rtentry$$00000000) refers (Special) to __rtentry2.o(.ARM.Collect$$rtentry$$00000009) for __rt_entry_postsh_1
    __rtentry.o(.ARM.Collect$$rtentry$$00000000) refers (Special) to __rtentry2.o(.ARM.Collect$$rtentry$$00000002) for __rt_entry_presh_1
    __rtentry.o(.ARM.Collect$$rtentry$$00000000) refers (Special) to __rtentry4.o(.ARM.Collect$$rtentry$$00000004) for __rt_entry_sh
    _printf_intcommon.o(.text) refers (Weak) to _printf_pad.o(.text) for _printf_pre_padding
    _printf_intcommon.o(.text) refers (Weak) to _printf_pad.o(.text) for _printf_pre_padding
    _printf_intcommon.o(.text) refers (Weak) to _printf_pad.o(.text) for _printf_post_padding
    _printf_char_common.o(.text) refers to __printf_flags_wp.o(.text) for __printf
    __rtentry2.o(.ARM.Collect$$rtentry$$00000008) refers to boardinit2.o(.text) for _platform_post_stackheap_init
    __rtentry2.o(.ARM.Collect$$rtentry$$0000000A) refers to libinit.o(.ARM.Collect$$libinit$$00000000) for __rt_lib_init
    __rtentry2.o(.ARM.Collect$$rtentry$$0000000B) refers to boardinit3.o(.text) for _platform_post_lib_init
    __rtentry2.o(.ARM.Collect$$rtentry$$0000000D) refers to sample.o(.text) for main
    __rtentry2.o(.ARM.Collect$$rtentry$$0000000D) refers to exit.o(.text) for exit
    __rtentry2.o(.ARM.exidx) refers to __rtentry2.o(.ARM.Collect$$rtentry$$00000001) for .ARM.Collect$$rtentry$$00000001
    __rtentry2.o(.ARM.exidx) refers to __rtentry2.o(.ARM.Collect$$rtentry$$00000008) for .ARM.Collect$$rtentry$$00000008
    __rtentry2.o(.ARM.exidx) refers to __rtentry2.o(.ARM.Collect$$rtentry$$0000000A) for .ARM.Collect$$rtentry$$0000000A
    __rtentry2.o(.ARM.exidx) refers to __rtentry2.o(.ARM.Collect$$rtentry$$0000000B) for .ARM.Collect$$rtentry$$0000000B
    __rtentry2.o(.ARM.exidx) refers to __rtentry2.o(.ARM.Collect$$rtentry$$0000000D) for .ARM.Collect$$rtentry$$0000000D
    __rtentry4.o(.ARM.Collect$$rtentry$$00000004) refers to sys_stackheap_outer.o(.text) for __user_setup_stackheap
    __rtentry4.o(.ARM.exidx) refers to __rtentry4.o(.ARM.Collect$$rtentry$$00000004) for .ARM.Collect$$rtentry$$00000004
    sys_stackheap_outer.o(.text) refers to libspace.o(.text) for __user_perproc_libspace
    sys_stackheap_outer.o(.text) refers to startup_lpc17xx.o(.text) for __user_initial_stackheap
    exit.o(.text) refers to rtexit.o(.ARM.Collect$$rtexit$$00000000) for __rt_exit
    libinit.o(.ARM.Collect$$libinit$$00000000) refers (Special) to libinit2.o(.ARM.Collect$$libinit$$0000002E) for __rt_lib_init_alloca_1
    libinit.o(.ARM.Collect$$libinit$$00000000) refers (Special) to libinit2.o(.ARM.Collect$$libinit$$0000002C) for __rt_lib_init_argv_1
    libinit.o(.ARM.Collect$$libinit$$00000000) refers (Special) to libinit2.o(.ARM.Collect$$libinit$$0000001B) for __rt_lib_init_atexit_1
    libinit.o(.ARM.Collect$$libinit$$00000000) refers (Special) to libinit2.o(.ARM.Collect$$libinit$$00000021) for __rt_lib_init_clock_1
    libinit.o(.ARM.Collect$$libinit$$00000000) refers (Special) to libinit2.o(.ARM.Collect$$libinit$$00000032) for __rt_lib_init_cpp_1
    libinit.o(.ARM.Collect$$libinit$$00000000) refers (Special) to libinit2.o(.ARM.Collect$$libinit$$00000030) for __rt_lib_init_exceptions_1
    libinit.o(.ARM.Collect$$libinit$$00000000) refers (Special) to libinit2.o(.ARM.Collect$$libinit$$00000002) for __rt_lib_init_fp_1
    libinit.o(.ARM.Collect$$libinit$$00000000) refers (Special) to libinit2.o(.ARM.Collect$$libinit$$0000001F) for __rt_lib_init_fp_trap_1
    libinit.o(.ARM.Collect$$libinit$$00000000) refers (Special) to libinit2.o(.ARM.Collect$$libinit$$00000023) for __rt_lib_init_getenv_1
    libinit.o(.ARM.Collect$$libinit$$00000000) refers (Special) to libinit2.o(.ARM.Collect$$libinit$$0000000A) for __rt_lib_init_heap_1
    libinit.o(.ARM.Collect$$libinit$$00000000) refers (Special) to libinit2.o(.ARM.Collect$$libinit$$00000011) for __rt_lib_init_lc_collate_1
    libinit.o(.ARM.Collect$$libinit$$00000000) refers (Special) to libinit2.o(.ARM.Collect$$libinit$$00000013) for __rt_lib_init_lc_ctype_1
    libinit.o(.ARM.Collect$$libinit$$00000000) refers (Special) to libinit2.o(.ARM.Collect$$libinit$$00000015) for __rt_lib_init_lc_monetary_1
    libinit.o(.ARM.Collect$$libinit$$00000000) refers (Special) to libinit2.o(.ARM.Collect$$libinit$$00000017) for __rt_lib_init_lc_numeric_1
    libinit.o(.ARM.Collect$$libinit$$00000000) refers (Special) to libinit2.o(.ARM.Collect$$libinit$$00000019) for __rt_lib_init_lc_time_1
    libinit.o(.ARM.Collect$$libinit$$00000000) refers (Special) to libinit2.o(.ARM.Collect$$libinit$$00000004) for __rt_lib_init_preinit_1
    libinit.o(.ARM.Collect$$libinit$$00000000) refers (Special) to libinit2.o(.ARM.Collect$$libinit$$0000000E) for __rt_lib_init_rand_1
    libinit.o(.ARM.Collect$$libinit$$00000000) refers (Special) to libinit2.o(.ARM.Collect$$libinit$$00000033) for __rt_lib_init_return
    libinit.o(.ARM.Collect$$libinit$$00000000) refers (Special) to libinit2.o(.ARM.Collect$$libinit$$0000001D) for __rt_lib_init_signal_1
    libinit.o(.ARM.Collect$$libinit$$00000000) refers (Special) to libinit2.o(.ARM.Collect$$libinit$$00000025) for __rt_lib_init_stdio_1
    libinit.o(.ARM.Collect$$libinit$$00000000) refers (Special) to libinit2.o(.ARM.Collect$$libinit$$0000000C) for __rt_lib_init_user_alloc_1
    libspace.o(.text) refers to libspace.o(.bss) for __libspace_start
    rtexit.o(.ARM.Collect$$rtexit$$00000000) refers (Special) to rtexit2.o(.ARM.Collect$$rtexit$$00000004) for __rt_exit_exit
    rtexit.o(.ARM.Collect$$rtexit$$00000000) refers (Special) to rtexit2.o(.ARM.Collect$$rtexit$$00000003) for __rt_exit_ls
    rtexit.o(.ARM.Collect$$rtexit$$00000000) refers (Special) to rtexit2.o(.ARM.Collect$$rtexit$$00000002) for __rt_exit_prels_1
    rtexit.o(.ARM.exidx) refers (Special) to rtexit2.o(.ARM.Collect$$rtexit$$00000004) for __rt_exit_exit
    rtexit.o(.ARM.exidx) refers (Special) to rtexit2.o(.ARM.Collect$$rtexit$$00000003) for __rt_exit_ls
    rtexit.o(.ARM.exidx) refers (Special) to rtexit2.o(.ARM.Collect$$rtexit$$00000002) for __rt_exit_prels_1
    rtexit.o(.ARM.exidx) refers to rtexit.o(.ARM.Collect$$rtexit$$00000000) for .ARM.Collect$$rtexit$$00000000
    libinit2.o(.ARM.Collect$$libinit$$00000010) refers to libinit2.o(.ARM.Collect$$libinit$$0000000F) for .ARM.Collect$$libinit$$0000000F
    libinit2.o(.ARM.Collect$$libinit$$00000012) refers to libinit2.o(.ARM.Collect$$libinit$$0000000F) for .ARM.Collect$$libinit$$0000000F
    libinit2.o(.ARM.Collect$$libinit$$00000014) refers to libinit2.o(.ARM.Collect$$libinit$$0000000F) for .ARM.Collect$$libinit$$0000000F
    libinit2.o(.ARM.Collect$$libinit$$00000016) refers to libinit2.o(.ARM.Collect$$libinit$$0000000F) for .ARM.Collect$$libinit$$0000000F
    libinit2.o(.ARM.Collect$$libinit$$00000018) refers to libinit2.o(.ARM.Collect$$libinit$$0000000F) for .ARM.Collect$$libinit$$0000000F
    libinit2.o(.ARM.Collect$$libinit$$00000026) refers to argv_veneer.o(.emb_text) for __ARM_argv_veneer
    libinit2.o(.ARM.Collect$$libinit$$00000027) refers to argv_veneer.o(.emb_text) for __ARM_argv_veneer
    rtexit2.o(.ARM.Collect$$rtexit$$00000003) refers to libshutdown.o(.ARM.Collect$$libshutdown$$00000000) for __rt_lib_shutdown
    rtexit2.o(.ARM.Collect$$rtexit$$00000004) refers to sys_exit.o(.text) for _sys_exit
    rtexit2.o(.ARM.exidx) refers to rtexit2.o(.ARM.Collect$$rtexit$$00000001) for .ARM.Collect$$rtexit$$00000001
    rtexit2.o(.ARM.exidx) refers to rtexit2.o(.ARM.Collect$$rtexit$$00000003) for .ARM.Collect$$rtexit$$00000003
    rtexit2.o(.ARM.exidx) refers to rtexit2.o(.ARM.Collect$$rtexit$$00000004) for .ARM.Collect$$rtexit$$00000004
    argv_veneer.o(.emb_text) refers to no_argv.o(.text) for __ARM_get_argv
    sys_exit.o(.text) refers (Special) to use_no_semi.o(.text) for __I$use$semihosting
    sys_exit.o(.text) refers (Special) to indicate_semi.o(.text) for __semihosting_library_function
    _get_argv_nomalloc.o(.text) refers (Special) to hrguard.o(.text) for __heap_region$guard
    _get_argv_nomalloc.o(.text) refers to defsig_rtmem_outer.o(.text) for __rt_SIGRTMEM
    _get_argv_nomalloc.o(.text) refers to sys_command.o(.text) for _sys_command_string
    libshutdown.o(.ARM.Collect$$libshutdown$$00000000) refers (Special) to libshutdown2.o(.ARM.Collect$$libshutdown$$00000004) for __rt_lib_shutdown_cpp_1
    libshutdown.o(.ARM.Collect$$libshutdown$$00000000) refers (Special) to libshutdown2.o(.ARM.Collect$$libshutdown$$00000002) for __rt_lib_shutdown_fini_1
    libshutdown.o(.ARM.Collect$$libshutdown$$00000000) refers (Special) to libshutdown2.o(.ARM.Collect$$libshutdown$$00000009) for __rt_lib_shutdown_fp_trap_1
    libshutdown.o(.ARM.Collect$$libshutdown$$00000000) refers (Special) to libshutdown2.o(.ARM.Collect$$libshutdown$$00000011) for __rt_lib_shutdown_heap_1
    libshutdown.o(.ARM.Collect$$libshutdown$$00000000) refers (Special) to libshutdown2.o(.ARM.Collect$$libshutdown$$00000012) for __rt_lib_shutdown_return
    libshutdown.o(.ARM.Collect$$libshutdown$$00000000) refers (Special) to libshutdown2.o(.ARM.Collect$$libshutdown$$0000000C) for __rt_lib_shutdown_signal_1
    libshutdown.o(.ARM.Collect$$libshutdown$$00000000) refers (Special) to libshutdown2.o(.ARM.Collect$$libshutdown$$00000006) for __rt_lib_shutdown_stdio_1
    libshutdown.o(.ARM.Collect$$libshutdown$$00000000) refers (Special) to libshutdown2.o(.ARM.Collect$$libshutdown$$0000000E) for __rt_lib_shutdown_user_alloc_1
    sys_command.o(.text) refers (Special) to use_no_semi.o(.text) for __I$use$semihosting
    sys_command.o(.text) refers (Special) to indicate_semi.o(.text) for __semihosting_library_function
    defsig_rtmem_outer.o(.text) refers to defsig_rtmem_inner.o(.text) for __rt_SIGRTMEM_inner
    defsig_rtmem_outer.o(.text) refers to defsig_exit.o(.text) for __sig_exit
    defsig_rtmem_formal.o(.text) refers to rt_raise.o(.text) for __rt_raise
    rt_raise.o(.text) refers to __raise.o(.text) for __raise
    rt_raise.o(.text) refers to sys_exit.o(.text) for _sys_exit
    defsig_exit.o(.text) refers to sys_exit.o(.text) for _sys_exit
    defsig_rtmem_inner.o(.text) refers to defsig_general.o(.text) for __default_signal_display
    __raise.o(.text) refers to defsig.o(CL$$defsig) for __default_signal_handler
    defsig_general.o(.text) refers to sys_wrch.o(.text) for _ttywrch
    sys_wrch.o(.text) refers (Special) to use_no_semi.o(.text) for __I$use$semihosting
    sys_wrch.o(.text) refers (Special) to indicate_semi.o(.text) for __semihosting_library_function
    defsig.o(CL$$defsig) refers to defsig_rtmem_inner.o(.text) for __rt_SIGRTMEM_inner
    defsig_abrt_inner.o(.text) refers to defsig_general.o(.text) for __default_signal_display
    defsig_fpe_inner.o(.text) refers to defsig_general.o(.text) for __default_signal_display
    defsig_rtred_inner.o(.text) refers to defsig_general.o(.text) for __default_signal_display
    defsig_stak_inner.o(.text) refers to defsig_general.o(.text) for __default_signal_display
    defsig_pvfn_inner.o(.text) refers to defsig_general.o(.text) for __default_signal_display
    defsig_cppl_inner.o(.text) refers to defsig_general.o(.text) for __default_signal_display
    defsig_segv_inner.o(.text) refers to defsig_general.o(.text) for __default_signal_display
    defsig_other.o(.text) refers to defsig_general.o(.text) for __default_signal_display


==============================================================================

Removing Unused input sections from the image.

    Removing sample.o(.rev16_text), (4 bytes).
    Removing sample.o(.revsh_text), (4 bytes).
    Removing sample.o(.rrx_text), (6 bytes).
    Removing core_cm3.o(.emb_text), (32 bytes).
    Removing system_lpc17xx.o(.rev16_text), (4 bytes).
    Removing system_lpc17xx.o(.revsh_text), (4 bytes).
    Removing system_lpc17xx.o(.rrx_text), (6 bytes).
    Removing irq_timer.o(.rev16_text), (4 bytes).
    Removing irq_timer.o(.revsh_text), (4 bytes).
    Removing irq_timer.o(.rrx_text), (6 bytes).
    Removing lib_timer.o(.rev16_text), (4 bytes).
    Removing lib_timer.o(.revsh_text), (4 bytes).
    Removing lib_timer.o(.rrx_text), (6 bytes).
    Removing glcd.o(.rev16_text), (4 bytes).
    Removing glcd.o(.revsh_text), (4 bytes).
    Removing glcd.o(.rrx_text), (6 bytes).
    Removing hzlib.o(.text), (52 bytes).
    Removing hzlib.o(.constdata), (216576 bytes).
    Removing pet.o(.rev16_text), (4 bytes).
    Removing pet.o(.revsh_text), (4 bytes).
    Removing pet.o(.rrx_text), (6 bytes).
    Removing tamagotchi.o(.rev16_text), (4 bytes).
    Removing tamagotchi.o(.revsh_text), (4 bytes).
    Removing tamagotchi.o(.rrx_text), (6 bytes).
    Removing lib_joystick.o(.rev16_text), (4 bytes).
    Removing lib_joystick.o(.revsh_text), (4 bytes).
    Removing lib_joystick.o(.rrx_text), (6 bytes).
    Removing irq_rit.o(.rev16_text), (4 bytes).
    Removing irq_rit.o(.revsh_text), (4 bytes).
    Removing irq_rit.o(.rrx_text), (6 bytes).
    Removing lib_rit.o(.rev16_text), (4 bytes).
    Removing lib_rit.o(.revsh_text), (4 bytes).
    Removing lib_rit.o(.rrx_text), (6 bytes).

33 unused section(s) (total 216800 bytes) removed from the image.

==============================================================================

Image Symbol Table

    Local Symbols

    Symbol Name                              Value     Ov Type        Size  Object(Section)

    RESET                                    0x00000000   Section      204  startup_lpc17xx.o(RESET)
    ../clib/angel/boardlib.s                 0x00000000   Number         0  boardinit2.o ABSOLUTE
    ../clib/angel/boardlib.s                 0x00000000   Number         0  boardinit1.o ABSOLUTE
    ../clib/angel/boardlib.s                 0x00000000   Number         0  boardshut.o ABSOLUTE
    ../clib/angel/boardlib.s                 0x00000000   Number         0  boardinit3.o ABSOLUTE
    ../clib/angel/dclz77c.s                  0x00000000   Number         0  __dclz77c.o ABSOLUTE
    ../clib/angel/handlers.s                 0x00000000   Number         0  __scatter_zi.o ABSOLUTE
    ../clib/angel/kernel.s                   0x00000000   Number         0  __rtentry4.o ABSOLUTE
    ../clib/angel/kernel.s                   0x00000000   Number         0  __rtentry2.o ABSOLUTE
    ../clib/angel/kernel.s                   0x00000000   Number         0  __rtentry.o ABSOLUTE
    ../clib/angel/kernel.s                   0x00000000   Number         0  rtexit.o ABSOLUTE
    ../clib/angel/kernel.s                   0x00000000   Number         0  rtexit2.o ABSOLUTE
    ../clib/angel/rt.s                       0x00000000   Number         0  rt_raise.o ABSOLUTE
    ../clib/angel/scatter.s                  0x00000000   Number         0  __scatter.o ABSOLUTE
    ../clib/angel/startup.s                  0x00000000   Number         0  __main.o ABSOLUTE
    ../clib/angel/sys.s                      0x00000000   Number         0  sys_stackheap_outer.o ABSOLUTE
    ../clib/angel/sys.s                      0x00000000   Number         0  indicate_semi.o ABSOLUTE
    ../clib/angel/sys.s                      0x00000000   Number         0  use_no_semi.o ABSOLUTE
    ../clib/angel/sys.s                      0x00000000   Number         0  libspace.o ABSOLUTE
    ../clib/angel/sysapp.c                   0x00000000   Number         0  sys_command.o ABSOLUTE
    ../clib/angel/sysapp.c                   0x00000000   Number         0  sys_exit.o ABSOLUTE
    ../clib/angel/sysapp.c                   0x00000000   Number         0  sys_wrch.o ABSOLUTE
    ../clib/armsys.c                         0x00000000   Number         0  no_argv.o ABSOLUTE
    ../clib/armsys.c                         0x00000000   Number         0  _get_argv_nomalloc.o ABSOLUTE
    ../clib/armsys.c                         0x00000000   Number         0  argv_veneer.o ABSOLUTE
    ../clib/armsys.c                         0x00000000   Number         0  argv_veneer.o ABSOLUTE
    ../clib/heapalloc.c                      0x00000000   Number         0  hrguard.o ABSOLUTE
    ../clib/heapaux.c                        0x00000000   Number         0  heapauxi.o ABSOLUTE
    ../clib/libinit.s                        0x00000000   Number         0  libshutdown.o ABSOLUTE
    ../clib/libinit.s                        0x00000000   Number         0  libinit.o ABSOLUTE
    ../clib/libinit.s                        0x00000000   Number         0  libinit2.o ABSOLUTE
    ../clib/libinit.s                        0x00000000   Number         0  libshutdown2.o ABSOLUTE
    ../clib/memcpset.s                       0x00000000   Number         0  rt_memcpy_w.o ABSOLUTE
    ../clib/memcpset.s                       0x00000000   Number         0  rt_memcpy_v6.o ABSOLUTE
    ../clib/misc.s                           0x00000000   Number         0  printf_stubs.o ABSOLUTE
    ../clib/printf.c                         0x00000000   Number         0  _printf_dec.o ABSOLUTE
    ../clib/printf.c                         0x00000000   Number         0  __printf_flags.o ABSOLUTE
    ../clib/printf.c                         0x00000000   Number         0  __printf_flags_ss.o ABSOLUTE
    ../clib/printf.c                         0x00000000   Number         0  __printf_flags_wp.o ABSOLUTE
    ../clib/printf.c                         0x00000000   Number         0  __printf_ss_wp.o ABSOLUTE
    ../clib/printf.c                         0x00000000   Number         0  __printf_flags_ss_wp.o ABSOLUTE
    ../clib/printf.c                         0x00000000   Number         0  __printf_nopercent.o ABSOLUTE
    ../clib/printf.c                         0x00000000   Number         0  _printf_intcommon.o ABSOLUTE
    ../clib/printf.c                         0x00000000   Number         0  _sputc.o ABSOLUTE
    ../clib/printf.c                         0x00000000   Number         0  _printf_char_common.o ABSOLUTE
    ../clib/printf.c                         0x00000000   Number         0  __printf_ss.o ABSOLUTE
    ../clib/printf.c                         0x00000000   Number         0  __printf_wp.o ABSOLUTE
    ../clib/printf.c                         0x00000000   Number         0  __2sprintf.o ABSOLUTE
    ../clib/printf.c                         0x00000000   Number         0  noretval__2sprintf.o ABSOLUTE
    ../clib/printf.c                         0x00000000   Number         0  __printf.o ABSOLUTE
    ../clib/printf.c                         0x00000000   Number         0  _printf_pad.o ABSOLUTE
    ../clib/printf_percent.s                 0x00000000   Number         0  _printf_percent.o ABSOLUTE
    ../clib/printf_percent.s                 0x00000000   Number         0  _printf_d.o ABSOLUTE
    ../clib/printf_percent.s                 0x00000000   Number         0  _printf_percent_end.o ABSOLUTE
    ../clib/signal.c                         0x00000000   Number         0  defsig_rtmem_outer.o ABSOLUTE
    ../clib/signal.c                         0x00000000   Number         0  defsig_stak_inner.o ABSOLUTE
    ../clib/signal.c                         0x00000000   Number         0  defsig_exit.o ABSOLUTE
    ../clib/signal.c                         0x00000000   Number         0  defsig_rtred_inner.o ABSOLUTE
    ../clib/signal.c                         0x00000000   Number         0  defsig_rtmem_formal.o ABSOLUTE
    ../clib/signal.c                         0x00000000   Number         0  defsig_pvfn_inner.o ABSOLUTE
    ../clib/signal.c                         0x00000000   Number         0  defsig_rtmem_inner.o ABSOLUTE
    ../clib/signal.c                         0x00000000   Number         0  defsig_cppl_inner.o ABSOLUTE
    ../clib/signal.c                         0x00000000   Number         0  __raise.o ABSOLUTE
    ../clib/signal.c                         0x00000000   Number         0  defsig_segv_inner.o ABSOLUTE
    ../clib/signal.c                         0x00000000   Number         0  defsig_other.o ABSOLUTE
    ../clib/signal.c                         0x00000000   Number         0  defsig_abrt_inner.o ABSOLUTE
    ../clib/signal.c                         0x00000000   Number         0  defsig_general.o ABSOLUTE
    ../clib/signal.c                         0x00000000   Number         0  defsig_fpe_inner.o ABSOLUTE
    ../clib/signal.s                         0x00000000   Number         0  defsig.o ABSOLUTE
    ../clib/stdlib.c                         0x00000000   Number         0  exit.o ABSOLUTE
    ../fplib/fpinit.s                        0x00000000   Number         0  fpinit.o ABSOLUTE
    GLCD\AsciiLib.c                          0x00000000   Number         0  asciilib.o ABSOLUTE
    GLCD\GLCD.c                              0x00000000   Number         0  glcd.o ABSOLUTE
    GLCD\HzLib.c                             0x00000000   Number         0  hzlib.o ABSOLUTE
    GLCD\\GLCD.c                             0x00000000   Number         0  glcd.o ABSOLUTE
    RIT\IRQ_RIT.c                            0x00000000   Number         0  irq_rit.o ABSOLUTE
    RIT\\IRQ_RIT.c                           0x00000000   Number         0  irq_rit.o ABSOLUTE
    RIT\\lib_RIT.c                           0x00000000   Number         0  lib_rit.o ABSOLUTE
    RIT\lib_RIT.c                            0x00000000   Number         0  lib_rit.o ABSOLUTE
    core_cm3.c                               0x00000000   Number         0  core_cm3.o ABSOLUTE
    core_cm3.c                               0x00000000   Number         0  core_cm3.o ABSOLUTE
    dc.s                                     0x00000000   Number         0  dc.o ABSOLUTE
    joystick\\lib_joystick.c                 0x00000000   Number         0  lib_joystick.o ABSOLUTE
    joystick\lib_joystick.c                  0x00000000   Number         0  lib_joystick.o ABSOLUTE
    sample.c                                 0x00000000   Number         0  sample.o ABSOLUTE
    sample.c                                 0x00000000   Number         0  sample.o ABSOLUTE
    startup_LPC17xx.s                        0x00000000   Number         0  startup_lpc17xx.o ABSOLUTE
    system_LPC17xx.c                         0x00000000   Number         0  system_lpc17xx.o ABSOLUTE
    system_LPC17xx.c                         0x00000000   Number         0  system_lpc17xx.o ABSOLUTE
    tamagotchi\\pet.c                        0x00000000   Number         0  pet.o ABSOLUTE
    tamagotchi\\tamagotchi.c                 0x00000000   Number         0  tamagotchi.o ABSOLUTE
    tamagotchi\pet.c                         0x00000000   Number         0  pet.o ABSOLUTE
    tamagotchi\tamagotchi.c                  0x00000000   Number         0  tamagotchi.o ABSOLUTE
    timer\IRQ_timer.c                        0x00000000   Number         0  irq_timer.o ABSOLUTE
    timer\\IRQ_timer.c                       0x00000000   Number         0  irq_timer.o ABSOLUTE
    timer\\lib_timer.c                       0x00000000   Number         0  lib_timer.o ABSOLUTE
    timer\lib_timer.c                        0x00000000   Number         0  lib_timer.o ABSOLUTE
    !!!main                                  0x000000cc   Section        8  __main.o(!!!main)
    !!!scatter                               0x000000d4   Section       52  __scatter.o(!!!scatter)
    !!dclz77c                                0x00000108   Section      100  __dclz77c.o(!!dclz77c)
    !!handler_zi                             0x0000016c   Section       28  __scatter_zi.o(!!handler_zi)
    .ARM.Collect$$_printf_percent$$00000000  0x00000188   Section        0  _printf_percent.o(.ARM.Collect$$_printf_percent$$00000000)
    .ARM.Collect$$_printf_percent$$00000009  0x00000188   Section        6  _printf_d.o(.ARM.Collect$$_printf_percent$$00000009)
    .ARM.Collect$$_printf_percent$$00000017  0x0000018e   Section        4  _printf_percent_end.o(.ARM.Collect$$_printf_percent$$00000017)
    .ARM.Collect$$libinit$$00000000          0x00000192   Section        2  libinit.o(.ARM.Collect$$libinit$$00000000)
    .ARM.Collect$$libinit$$00000002          0x00000194   Section        0  libinit2.o(.ARM.Collect$$libinit$$00000002)
    .ARM.Collect$$libinit$$00000004          0x00000194   Section        0  libinit2.o(.ARM.Collect$$libinit$$00000004)
    .ARM.Collect$$libinit$$0000000A          0x00000194   Section        0  libinit2.o(.ARM.Collect$$libinit$$0000000A)
    .ARM.Collect$$libinit$$0000000C          0x00000194   Section        0  libinit2.o(.ARM.Collect$$libinit$$0000000C)
    .ARM.Collect$$libinit$$0000000E          0x00000194   Section        0  libinit2.o(.ARM.Collect$$libinit$$0000000E)
    .ARM.Collect$$libinit$$00000011          0x00000194   Section        0  libinit2.o(.ARM.Collect$$libinit$$00000011)
    .ARM.Collect$$libinit$$00000013          0x00000194   Section        0  libinit2.o(.ARM.Collect$$libinit$$00000013)
    .ARM.Collect$$libinit$$00000015          0x00000194   Section        0  libinit2.o(.ARM.Collect$$libinit$$00000015)
    .ARM.Collect$$libinit$$00000017          0x00000194   Section        0  libinit2.o(.ARM.Collect$$libinit$$00000017)
    .ARM.Collect$$libinit$$00000019          0x00000194   Section        0  libinit2.o(.ARM.Collect$$libinit$$00000019)
    .ARM.Collect$$libinit$$0000001B          0x00000194   Section        0  libinit2.o(.ARM.Collect$$libinit$$0000001B)
    .ARM.Collect$$libinit$$0000001D          0x00000194   Section        0  libinit2.o(.ARM.Collect$$libinit$$0000001D)
    .ARM.Collect$$libinit$$0000001F          0x00000194   Section        0  libinit2.o(.ARM.Collect$$libinit$$0000001F)
    .ARM.Collect$$libinit$$00000021          0x00000194   Section        0  libinit2.o(.ARM.Collect$$libinit$$00000021)
    .ARM.Collect$$libinit$$00000023          0x00000194   Section        0  libinit2.o(.ARM.Collect$$libinit$$00000023)
    .ARM.Collect$$libinit$$00000025          0x00000194   Section        0  libinit2.o(.ARM.Collect$$libinit$$00000025)
    .ARM.Collect$$libinit$$0000002C          0x00000194   Section        0  libinit2.o(.ARM.Collect$$libinit$$0000002C)
    .ARM.Collect$$libinit$$0000002E          0x00000194   Section        0  libinit2.o(.ARM.Collect$$libinit$$0000002E)
    .ARM.Collect$$libinit$$00000030          0x00000194   Section        0  libinit2.o(.ARM.Collect$$libinit$$00000030)
    .ARM.Collect$$libinit$$00000032          0x00000194   Section        0  libinit2.o(.ARM.Collect$$libinit$$00000032)
    .ARM.Collect$$libinit$$00000033          0x00000194   Section        2  libinit2.o(.ARM.Collect$$libinit$$00000033)
    .ARM.Collect$$libshutdown$$00000000      0x00000196   Section        2  libshutdown.o(.ARM.Collect$$libshutdown$$00000000)
    .ARM.Collect$$libshutdown$$00000002      0x00000198   Section        0  libshutdown2.o(.ARM.Collect$$libshutdown$$00000002)
    .ARM.Collect$$libshutdown$$00000004      0x00000198   Section        0  libshutdown2.o(.ARM.Collect$$libshutdown$$00000004)
    .ARM.Collect$$libshutdown$$00000006      0x00000198   Section        0  libshutdown2.o(.ARM.Collect$$libshutdown$$00000006)
    .ARM.Collect$$libshutdown$$00000009      0x00000198   Section        0  libshutdown2.o(.ARM.Collect$$libshutdown$$00000009)
    .ARM.Collect$$libshutdown$$0000000C      0x00000198   Section        0  libshutdown2.o(.ARM.Collect$$libshutdown$$0000000C)
    .ARM.Collect$$libshutdown$$0000000E      0x00000198   Section        0  libshutdown2.o(.ARM.Collect$$libshutdown$$0000000E)
    .ARM.Collect$$libshutdown$$00000011      0x00000198   Section        0  libshutdown2.o(.ARM.Collect$$libshutdown$$00000011)
    .ARM.Collect$$libshutdown$$00000012      0x00000198   Section        2  libshutdown2.o(.ARM.Collect$$libshutdown$$00000012)
    .ARM.Collect$$rtentry$$00000000          0x0000019a   Section        0  __rtentry.o(.ARM.Collect$$rtentry$$00000000)
    .ARM.Collect$$rtentry$$00000002          0x0000019a   Section        0  __rtentry2.o(.ARM.Collect$$rtentry$$00000002)
    .ARM.Collect$$rtentry$$00000004          0x0000019a   Section        6  __rtentry4.o(.ARM.Collect$$rtentry$$00000004)
    .ARM.Collect$$rtentry$$00000009          0x000001a0   Section        0  __rtentry2.o(.ARM.Collect$$rtentry$$00000009)
    .ARM.Collect$$rtentry$$0000000A          0x000001a0   Section        4  __rtentry2.o(.ARM.Collect$$rtentry$$0000000A)
    .ARM.Collect$$rtentry$$0000000C          0x000001a4   Section        0  __rtentry2.o(.ARM.Collect$$rtentry$$0000000C)
    .ARM.Collect$$rtentry$$0000000D          0x000001a4   Section        8  __rtentry2.o(.ARM.Collect$$rtentry$$0000000D)
    .ARM.Collect$$rtexit$$00000000           0x000001ac   Section        2  rtexit.o(.ARM.Collect$$rtexit$$00000000)
    .ARM.Collect$$rtexit$$00000002           0x000001ae   Section        0  rtexit2.o(.ARM.Collect$$rtexit$$00000002)
    .ARM.Collect$$rtexit$$00000003           0x000001ae   Section        4  rtexit2.o(.ARM.Collect$$rtexit$$00000003)
    .ARM.Collect$$rtexit$$00000004           0x000001b2   Section        6  rtexit2.o(.ARM.Collect$$rtexit$$00000004)
    .text                                    0x000001b8   Section       52  startup_lpc17xx.o(.text)
    .text                                    0x000001ec   Section        0  sample.o(.text)
    .text                                    0x00000254   Section        0  lib_timer.o(.text)
    __NVIC_EnableIRQ                         0x00000255   Thumb Code    34  lib_timer.o(.text)
    .ARM.__at_0x02FC                         0x000002fc   Section        4  startup_lpc17xx.o(.ARM.__at_0x02FC)
    .text                                    0x00000300   Section        0  system_lpc17xx.o(.text)
    .text                                    0x0000054c   Section        0  irq_timer.o(.text)
    .text                                    0x0000066c   Section        0  asciilib.o(.text)
    .text                                    0x0000068c   Section        0  glcd.o(.text)
    LCD_Configuration                        0x0000068d   Thumb Code    20  glcd.o(.text)
    wait_delay                               0x000006a1   Thumb Code    12  glcd.o(.text)
    LCD_SetCursor                            0x000006ad   Thumb Code  1356  glcd.o(.text)
    delay_ms                                 0x00000bf9   Thumb Code    30  glcd.o(.text)
    LCD_BGR2RGB                              0x000063bb   Thumb Code    30  glcd.o(.text)
    .text                                    0x00007468   Section        0  pet.o(.text)
    .text                                    0x00007668   Section        0  tamagotchi.o(.text)
    .text                                    0x00008110   Section        0  lib_joystick.o(.text)
    .text                                    0x00008134   Section        0  irq_rit.o(.text)
    .text                                    0x000081cc   Section        0  lib_rit.o(.text)
    .text                                    0x0000828c   Section        0  noretval__2sprintf.o(.text)
    .text                                    0x000082b4   Section        0  _printf_pad.o(.text)
    .text                                    0x00008304   Section        0  _printf_dec.o(.text)
    .text                                    0x0000837c   Section        0  __printf_flags_wp.o(.text)
    .text                                    0x000084b4   Section      138  rt_memcpy_v6.o(.text)
    .text                                    0x0000853e   Section        0  heapauxi.o(.text)
    .text                                    0x00008544   Section        0  _printf_intcommon.o(.text)
    .text                                    0x000085f8   Section        0  _printf_char_common.o(.text)
    _printf_input_char                       0x000085f9   Thumb Code    10  _printf_char_common.o(.text)
    .text                                    0x00008628   Section        0  _sputc.o(.text)
    .text                                    0x00008632   Section      100  rt_memcpy_w.o(.text)
    .text                                    0x00008696   Section       74  sys_stackheap_outer.o(.text)
    .text                                    0x000086e0   Section        0  exit.o(.text)
    .text                                    0x000086f4   Section        8  libspace.o(.text)
    .text                                    0x000086fc   Section        0  sys_exit.o(.text)
    .text                                    0x00008708   Section        2  use_no_semi.o(.text)
    .text                                    0x0000870a   Section        0  indicate_semi.o(.text)
    i._is_digit                              0x0000870a   Section        0  __printf_wp.o(i._is_digit)
    .constdata                               0x00008718   Section     1520  asciilib.o(.constdata)
    AsciiLib                                 0x00008718   Data        1520  asciilib.o(.constdata)
    .constdata                               0x00008d08   Section       17  __printf_flags_wp.o(.constdata)
    maptable                                 0x00008d08   Data          17  __printf_flags_wp.o(.constdata)
    .bss                                     0x10000000   Section    21000  pet.o(.bss)
    .data                                    0x2007c000   Section        5  system_lpc17xx.o(.data)
    .data                                    0x2007c005   Section        4  irq_timer.o(.data)
    seconds                                  0x2007c005   Data           1  irq_timer.o(.data)
    minutes                                  0x2007c006   Data           1  irq_timer.o(.data)
    hours                                    0x2007c007   Data           1  irq_timer.o(.data)
    statsCountdown                           0x2007c008   Data           1  irq_timer.o(.data)
    .data                                    0x2007c00a   Section        4  glcd.o(.data)
    LCD_Code                                 0x2007c00a   Data           1  glcd.o(.data)
    back_color                               0x2007c00c   Data           2  glcd.o(.data)
    .data                                    0x2007c00e   Section    13500  pet.o(.data)
    .data                                    0x2007f4ca   Section        2  tamagotchi.o(.data)
    satiety                                  0x2007f4ca   Data           1  tamagotchi.o(.data)
    happiness                                0x2007f4cb   Data           1  tamagotchi.o(.data)
    .data                                    0x2007f4cc   Section        1  irq_rit.o(.data)
    last_key_pressed                         0x2007f4cc   Data           1  irq_rit.o(.data)
    .bss                                     0x2007f4d0   Section       96  libspace.o(.bss)
    HEAP                                     0x2007f530   Section        0  startup_lpc17xx.o(HEAP)
    STACK                                    0x2007f530   Section      512  startup_lpc17xx.o(STACK)
    Heap_Mem                                 0x2007f530   Data           0  startup_lpc17xx.o(HEAP)
    Stack_Mem                                0x2007f530   Data         512  startup_lpc17xx.o(STACK)
    __initial_sp                             0x2007f730   Data           0  startup_lpc17xx.o(STACK)

    Global Symbols

    Symbol Name                              Value     Ov Type        Size  Object(Section)

    BuildAttributes$$THM_ISAv4$P$D$K$B$S$PE$A:L22UL41UL21$X:L11$S22US41US21$IEEE1$IW$USESV6$~STKCKD$USESV7$~SHL$OSPACE$ROPI$EBA8$UX$STANDARDLIB$REQ8$PRES8$EABIv2 0x00000000   Number         0  anon$$obj.o ABSOLUTE
    __ARM_use_no_argv                        0x00000000   Number         0  sample.o ABSOLUTE
    __Vectors                                0x00000000   Data           4  startup_lpc17xx.o(RESET)
    _printf_flags                            0x00000000   Number         0  printf_stubs.o ABSOLUTE
    _printf_return_value                     0x00000000   Number         0  printf_stubs.o ABSOLUTE
    _printf_sizespec                         0x00000000   Number         0  printf_stubs.o ABSOLUTE
    _printf_widthprec                        0x00000000   Number         0  printf_stubs.o ABSOLUTE
    __ARM_exceptions_init                     - Undefined Weak Reference
    __alloca_initialize                       - Undefined Weak Reference
    __arm_fini_                               - Undefined Weak Reference
    __arm_preinit_                            - Undefined Weak Reference
    __cpp_initialize__aeabi_                  - Undefined Weak Reference
    __cxa_finalize                            - Undefined Weak Reference
    __rt_locale                               - Undefined Weak Reference
    __sigvec_lookup                           - Undefined Weak Reference
    _atexit_init                              - Undefined Weak Reference
    _call_atexit_fns                          - Undefined Weak Reference
    _clock_init                               - Undefined Weak Reference
    _fp_trap_init                             - Undefined Weak Reference
    _fp_trap_shutdown                         - Undefined Weak Reference
    _get_lc_collate                           - Undefined Weak Reference
    _get_lc_ctype                             - Undefined Weak Reference
    _get_lc_monetary                          - Undefined Weak Reference
    _get_lc_numeric                           - Undefined Weak Reference
    _get_lc_time                              - Undefined Weak Reference
    _getenv_init                              - Undefined Weak Reference
    _handle_redirection                       - Undefined Weak Reference
    _init_alloc                               - Undefined Weak Reference
    _init_user_alloc                          - Undefined Weak Reference
    _initio                                   - Undefined Weak Reference
    _printf_truncate_signed                   - Undefined Weak Reference
    _printf_truncate_unsigned                 - Undefined Weak Reference
    _rand_init                                - Undefined Weak Reference
    _signal_finish                            - Undefined Weak Reference
    _signal_init                              - Undefined Weak Reference
    _terminate_alloc                          - Undefined Weak Reference
    _terminate_user_alloc                     - Undefined Weak Reference
    _terminateio                              - Undefined Weak Reference
    __main                                   0x000000cd   Thumb Code     8  __main.o(!!!main)
    __scatterload                            0x000000d5   Thumb Code     0  __scatter.o(!!!scatter)
    __scatterload_rt2                        0x000000d5   Thumb Code    44  __scatter.o(!!!scatter)
    __scatterload_rt2_thumb_only             0x000000d5   Thumb Code     0  __scatter.o(!!!scatter)
    __scatterload_null                       0x000000e3   Thumb Code     0  __scatter.o(!!!scatter)
    __decompress                             0x00000109   Thumb Code   100  __dclz77c.o(!!dclz77c)
    __decompress2                            0x00000109   Thumb Code     0  __dclz77c.o(!!dclz77c)
    __scatterload_zeroinit                   0x0000016d   Thumb Code    28  __scatter_zi.o(!!handler_zi)
    _printf_d                                0x00000189   Thumb Code     0  _printf_d.o(.ARM.Collect$$_printf_percent$$00000009)
    _printf_percent                          0x00000189   Thumb Code     0  _printf_percent.o(.ARM.Collect$$_printf_percent$$00000000)
    _printf_percent_end                      0x0000018f   Thumb Code     0  _printf_percent_end.o(.ARM.Collect$$_printf_percent$$00000017)
    __rt_lib_init                            0x00000193   Thumb Code     0  libinit.o(.ARM.Collect$$libinit$$00000000)
    __rt_lib_init_alloca_1                   0x00000195   Thumb Code     0  libinit2.o(.ARM.Collect$$libinit$$0000002E)
    __rt_lib_init_argv_1                     0x00000195   Thumb Code     0  libinit2.o(.ARM.Collect$$libinit$$0000002C)
    __rt_lib_init_atexit_1                   0x00000195   Thumb Code     0  libinit2.o(.ARM.Collect$$libinit$$0000001B)
    __rt_lib_init_clock_1                    0x00000195   Thumb Code     0  libinit2.o(.ARM.Collect$$libinit$$00000021)
    __rt_lib_init_cpp_1                      0x00000195   Thumb Code     0  libinit2.o(.ARM.Collect$$libinit$$00000032)
    __rt_lib_init_exceptions_1               0x00000195   Thumb Code     0  libinit2.o(.ARM.Collect$$libinit$$00000030)
    __rt_lib_init_fp_1                       0x00000195   Thumb Code     0  libinit2.o(.ARM.Collect$$libinit$$00000002)
    __rt_lib_init_fp_trap_1                  0x00000195   Thumb Code     0  libinit2.o(.ARM.Collect$$libinit$$0000001F)
    __rt_lib_init_getenv_1                   0x00000195   Thumb Code     0  libinit2.o(.ARM.Collect$$libinit$$00000023)
    __rt_lib_init_heap_1                     0x00000195   Thumb Code     0  libinit2.o(.ARM.Collect$$libinit$$0000000A)
    __rt_lib_init_lc_collate_1               0x00000195   Thumb Code     0  libinit2.o(.ARM.Collect$$libinit$$00000011)
    __rt_lib_init_lc_ctype_1                 0x00000195   Thumb Code     0  libinit2.o(.ARM.Collect$$libinit$$00000013)
    __rt_lib_init_lc_monetary_1              0x00000195   Thumb Code     0  libinit2.o(.ARM.Collect$$libinit$$00000015)
    __rt_lib_init_lc_numeric_1               0x00000195   Thumb Code     0  libinit2.o(.ARM.Collect$$libinit$$00000017)
    __rt_lib_init_lc_time_1                  0x00000195   Thumb Code     0  libinit2.o(.ARM.Collect$$libinit$$00000019)
    __rt_lib_init_preinit_1                  0x00000195   Thumb Code     0  libinit2.o(.ARM.Collect$$libinit$$00000004)
    __rt_lib_init_rand_1                     0x00000195   Thumb Code     0  libinit2.o(.ARM.Collect$$libinit$$0000000E)
    __rt_lib_init_return                     0x00000195   Thumb Code     0  libinit2.o(.ARM.Collect$$libinit$$00000033)
    __rt_lib_init_signal_1                   0x00000195   Thumb Code     0  libinit2.o(.ARM.Collect$$libinit$$0000001D)
    __rt_lib_init_stdio_1                    0x00000195   Thumb Code     0  libinit2.o(.ARM.Collect$$libinit$$00000025)
    __rt_lib_init_user_alloc_1               0x00000195   Thumb Code     0  libinit2.o(.ARM.Collect$$libinit$$0000000C)
    __rt_lib_shutdown                        0x00000197   Thumb Code     0  libshutdown.o(.ARM.Collect$$libshutdown$$00000000)
    __rt_lib_shutdown_cpp_1                  0x00000199   Thumb Code     0  libshutdown2.o(.ARM.Collect$$libshutdown$$00000004)
    __rt_lib_shutdown_fini_1                 0x00000199   Thumb Code     0  libshutdown2.o(.ARM.Collect$$libshutdown$$00000002)
    __rt_lib_shutdown_fp_trap_1              0x00000199   Thumb Code     0  libshutdown2.o(.ARM.Collect$$libshutdown$$00000009)
    __rt_lib_shutdown_heap_1                 0x00000199   Thumb Code     0  libshutdown2.o(.ARM.Collect$$libshutdown$$00000011)
    __rt_lib_shutdown_return                 0x00000199   Thumb Code     0  libshutdown2.o(.ARM.Collect$$libshutdown$$00000012)
    __rt_lib_shutdown_signal_1               0x00000199   Thumb Code     0  libshutdown2.o(.ARM.Collect$$libshutdown$$0000000C)
    __rt_lib_shutdown_stdio_1                0x00000199   Thumb Code     0  libshutdown2.o(.ARM.Collect$$libshutdown$$00000006)
    __rt_lib_shutdown_user_alloc_1           0x00000199   Thumb Code     0  libshutdown2.o(.ARM.Collect$$libshutdown$$0000000E)
    __rt_entry                               0x0000019b   Thumb Code     0  __rtentry.o(.ARM.Collect$$rtentry$$00000000)
    __rt_entry_presh_1                       0x0000019b   Thumb Code     0  __rtentry2.o(.ARM.Collect$$rtentry$$00000002)
    __rt_entry_sh                            0x0000019b   Thumb Code     0  __rtentry4.o(.ARM.Collect$$rtentry$$00000004)
    __rt_entry_li                            0x000001a1   Thumb Code     0  __rtentry2.o(.ARM.Collect$$rtentry$$0000000A)
    __rt_entry_postsh_1                      0x000001a1   Thumb Code     0  __rtentry2.o(.ARM.Collect$$rtentry$$00000009)
    __rt_entry_main                          0x000001a5   Thumb Code     0  __rtentry2.o(.ARM.Collect$$rtentry$$0000000D)
    __rt_entry_postli_1                      0x000001a5   Thumb Code     0  __rtentry2.o(.ARM.Collect$$rtentry$$0000000C)
    __rt_exit                                0x000001ad   Thumb Code     0  rtexit.o(.ARM.Collect$$rtexit$$00000000)
    __rt_exit_ls                             0x000001af   Thumb Code     0  rtexit2.o(.ARM.Collect$$rtexit$$00000003)
    __rt_exit_prels_1                        0x000001af   Thumb Code     0  rtexit2.o(.ARM.Collect$$rtexit$$00000002)
    __rt_exit_exit                           0x000001b3   Thumb Code     0  rtexit2.o(.ARM.Collect$$rtexit$$00000004)
    Reset_Handler                            0x000001b9   Thumb Code     4  startup_lpc17xx.o(.text)
    NMI_Handler                              0x000001bd   Thumb Code     2  startup_lpc17xx.o(.text)
    HardFault_Handler                        0x000001bf   Thumb Code     2  startup_lpc17xx.o(.text)
    MemManage_Handler                        0x000001c1   Thumb Code     2  startup_lpc17xx.o(.text)
    BusFault_Handler                         0x000001c3   Thumb Code     2  startup_lpc17xx.o(.text)
    UsageFault_Handler                       0x000001c5   Thumb Code     2  startup_lpc17xx.o(.text)
    SVC_Handler                              0x000001c7   Thumb Code     2  startup_lpc17xx.o(.text)
    DebugMon_Handler                         0x000001c9   Thumb Code     2  startup_lpc17xx.o(.text)
    PendSV_Handler                           0x000001cb   Thumb Code     2  startup_lpc17xx.o(.text)
    SysTick_Handler                          0x000001cd   Thumb Code     2  startup_lpc17xx.o(.text)
    ADC_IRQHandler                           0x000001cf   Thumb Code     0  startup_lpc17xx.o(.text)
    BOD_IRQHandler                           0x000001cf   Thumb Code     0  startup_lpc17xx.o(.text)
    CANActivity_IRQHandler                   0x000001cf   Thumb Code     0  startup_lpc17xx.o(.text)
    CAN_IRQHandler                           0x000001cf   Thumb Code     0  startup_lpc17xx.o(.text)
    DMA_IRQHandler                           0x000001cf   Thumb Code     0  startup_lpc17xx.o(.text)
    EINT0_IRQHandler                         0x000001cf   Thumb Code     0  startup_lpc17xx.o(.text)
    EINT1_IRQHandler                         0x000001cf   Thumb Code     0  startup_lpc17xx.o(.text)
    EINT2_IRQHandler                         0x000001cf   Thumb Code     0  startup_lpc17xx.o(.text)
    EINT3_IRQHandler                         0x000001cf   Thumb Code     0  startup_lpc17xx.o(.text)
    ENET_IRQHandler                          0x000001cf   Thumb Code     0  startup_lpc17xx.o(.text)
    I2C0_IRQHandler                          0x000001cf   Thumb Code     0  startup_lpc17xx.o(.text)
    I2C1_IRQHandler                          0x000001cf   Thumb Code     0  startup_lpc17xx.o(.text)
    I2C2_IRQHandler                          0x000001cf   Thumb Code     0  startup_lpc17xx.o(.text)
    I2S_IRQHandler                           0x000001cf   Thumb Code     0  startup_lpc17xx.o(.text)
    MCPWM_IRQHandler                         0x000001cf   Thumb Code     0  startup_lpc17xx.o(.text)
    PLL0_IRQHandler                          0x000001cf   Thumb Code     0  startup_lpc17xx.o(.text)
    PLL1_IRQHandler                          0x000001cf   Thumb Code     0  startup_lpc17xx.o(.text)
    PWM1_IRQHandler                          0x000001cf   Thumb Code     0  startup_lpc17xx.o(.text)
    QEI_IRQHandler                           0x000001cf   Thumb Code     0  startup_lpc17xx.o(.text)
    RTC_IRQHandler                           0x000001cf   Thumb Code     0  startup_lpc17xx.o(.text)
    SPI_IRQHandler                           0x000001cf   Thumb Code     0  startup_lpc17xx.o(.text)
    SSP0_IRQHandler                          0x000001cf   Thumb Code     0  startup_lpc17xx.o(.text)
    SSP1_IRQHandler                          0x000001cf   Thumb Code     0  startup_lpc17xx.o(.text)
    TIMER2_IRQHandler                        0x000001cf   Thumb Code     0  startup_lpc17xx.o(.text)
    TIMER3_IRQHandler                        0x000001cf   Thumb Code     0  startup_lpc17xx.o(.text)
    UART0_IRQHandler                         0x000001cf   Thumb Code     0  startup_lpc17xx.o(.text)
    UART1_IRQHandler                         0x000001cf   Thumb Code     0  startup_lpc17xx.o(.text)
    UART2_IRQHandler                         0x000001cf   Thumb Code     0  startup_lpc17xx.o(.text)
    UART3_IRQHandler                         0x000001cf   Thumb Code     0  startup_lpc17xx.o(.text)
    USBActivity_IRQHandler                   0x000001cf   Thumb Code     0  startup_lpc17xx.o(.text)
    USB_IRQHandler                           0x000001cf   Thumb Code     0  startup_lpc17xx.o(.text)
    WDT_IRQHandler                           0x000001cf   Thumb Code     0  startup_lpc17xx.o(.text)
    __user_initial_stackheap                 0x000001d1   Thumb Code     0  startup_lpc17xx.o(.text)
    main                                     0x000001ed   Thumb Code    92  sample.o(.text)
    enable_timer                             0x00000277   Thumb Code    20  lib_timer.o(.text)
    disable_timer                            0x0000028b   Thumb Code    20  lib_timer.o(.text)
    reset_timer                              0x0000029f   Thumb Code    30  lib_timer.o(.text)
    init_timer                               0x000002bd   Thumb Code    60  lib_timer.o(.text)
    SystemInit                               0x00000301   Thumb Code   552  system_lpc17xx.o(.text)
    TIMER0_IRQHandler                        0x0000054d   Thumb Code    88  irq_timer.o(.text)
    TIMER1_IRQHandler                        0x000005a5   Thumb Code   180  irq_timer.o(.text)
    GetASCIICode                             0x0000066d   Thumb Code    26  asciilib.o(.text)
    wait                                     0x00000c17   Thumb Code     4  glcd.o(.text)
    LCD_WritePixel                           0x00000c1b   Thumb Code    64  glcd.o(.text)
    LCD_WriteCommand                         0x00000c5b   Thumb Code    74  glcd.o(.text)
    LCD_ClearWindow                          0x00000ca5   Thumb Code   682  glcd.o(.text)
    LCD_Clear                                0x00000f4f   Thumb Code  1384  glcd.o(.text)
    LCD_SetBackground                        0x000014b7   Thumb Code    16  glcd.o(.text)
    LCD_Initialization                       0x000014c7   Thumb Code 20212  glcd.o(.text)
    LCD_GetPoint                             0x000063d9   Thumb Code   984  glcd.o(.text)
    LCD_SetPoint                             0x000067b1   Thumb Code   216  glcd.o(.text)
    LCD_DrawLine                             0x00006889   Thumb Code   250  glcd.o(.text)
    PutChar                                  0x00006983   Thumb Code   100  glcd.o(.text)
    PutCharHorizontal                        0x000069e7   Thumb Code   100  glcd.o(.text)
    GUI_Text                                 0x00006a4b   Thumb Code    80  glcd.o(.text)
    LCD_SetWindow                            0x00006a9b   Thumb Code  1080  glcd.o(.text)
    LCD_SetOrientation                       0x00006ed3   Thumb Code   380  glcd.o(.text)
    pixel                                    0x0000704f   Thumb Code   132  glcd.o(.text)
    LCD_DrawCircle                           0x000070d3   Thumb Code    94  glcd.o(.text)
    LCD_DrawRectangle                        0x00007131   Thumb Code    58  glcd.o(.text)
    LCD_DrawRectangleBorders                 0x0000716b   Thumb Code   100  glcd.o(.text)
    LCD_Darken                               0x000071cf   Thumb Code   310  glcd.o(.text)
    LCD_GetPixel                             0x00007305   Thumb Code   208  glcd.o(.text)
    LCD_GetBackground                        0x000073d5   Thumb Code     6  glcd.o(.text)
    GUI_Centered_Text                        0x000073db   Thumb Code   134  glcd.o(.text)
    DrawPet_idle_stance1                     0x00007469   Thumb Code    60  pet.o(.text)
    DrawPet_idle_stance2                     0x000074a5   Thumb Code    60  pet.o(.text)
    DrawPet_death                            0x000074e1   Thumb Code   300  pet.o(.text)
    DrawSnack                                0x0000760d   Thumb Code    58  pet.o(.text)
    DrawSnackButton                          0x00007669   Thumb Code    62  tamagotchi.o(.text)
    DrawPlayButton                           0x000076a7   Thumb Code    62  tamagotchi.o(.text)
    DrawSatietyBar                           0x000076e5   Thumb Code    38  tamagotchi.o(.text)
    DrawHappinessBar                         0x0000770b   Thumb Code    38  tamagotchi.o(.text)
    DrawBackground                           0x00007731   Thumb Code  2204  tamagotchi.o(.text)
    Tamagotchi_Init                          0x00007fcd   Thumb Code    28  tamagotchi.o(.text)
    GameOver                                 0x00007fe9   Thumb Code    24  tamagotchi.o(.text)
    pet_decreaseSatiety                      0x00008001   Thumb Code    28  tamagotchi.o(.text)
    pet_decreaseHappiness                    0x0000801d   Thumb Code    28  tamagotchi.o(.text)
    DrawAgeBar                               0x00008039   Thumb Code    46  tamagotchi.o(.text)
    pet_play                                 0x00008067   Thumb Code    64  tamagotchi.o(.text)
    pet_snack                                0x000080a7   Thumb Code    22  tamagotchi.o(.text)
    joystick_init                            0x00008111   Thumb Code    26  lib_joystick.o(.text)
    RIT_IRQHandler                           0x00008135   Thumb Code   138  irq_rit.o(.text)
    enable_RIT                               0x000081cd   Thumb Code    14  lib_rit.o(.text)
    disable_RIT                              0x000081db   Thumb Code    14  lib_rit.o(.text)
    reset_RIT                                0x000081e9   Thumb Code     8  lib_rit.o(.text)
    init_RIT                                 0x000081f1   Thumb Code   134  lib_rit.o(.text)
    __2sprintf                               0x0000828d   Thumb Code    34  noretval__2sprintf.o(.text)
    _printf_pre_padding                      0x000082b5   Thumb Code    44  _printf_pad.o(.text)
    _printf_post_padding                     0x000082e1   Thumb Code    34  _printf_pad.o(.text)
    _printf_int_dec                          0x00008305   Thumb Code   104  _printf_dec.o(.text)
    __printf                                 0x0000837d   Thumb Code   308  __printf_flags_wp.o(.text)
    __aeabi_memcpy                           0x000084b5   Thumb Code     0  rt_memcpy_v6.o(.text)
    __rt_memcpy                              0x000084b5   Thumb Code   138  rt_memcpy_v6.o(.text)
    _memcpy_lastbytes                        0x0000851b   Thumb Code     0  rt_memcpy_v6.o(.text)
    __use_two_region_memory                  0x0000853f   Thumb Code     2  heapauxi.o(.text)
    __rt_heap_escrow$2region                 0x00008541   Thumb Code     2  heapauxi.o(.text)
    __rt_heap_expand$2region                 0x00008543   Thumb Code     2  heapauxi.o(.text)
    _printf_int_common                       0x00008545   Thumb Code   178  _printf_intcommon.o(.text)
    _printf_char_common                      0x00008603   Thumb Code    32  _printf_char_common.o(.text)
    _sputc                                   0x00008629   Thumb Code    10  _sputc.o(.text)
    __aeabi_memcpy4                          0x00008633   Thumb Code     0  rt_memcpy_w.o(.text)
    __aeabi_memcpy8                          0x00008633   Thumb Code     0  rt_memcpy_w.o(.text)
    __rt_memcpy_w                            0x00008633   Thumb Code   100  rt_memcpy_w.o(.text)
    _memcpy_lastbytes_aligned                0x0000867b   Thumb Code     0  rt_memcpy_w.o(.text)
    __user_setup_stackheap                   0x00008697   Thumb Code    74  sys_stackheap_outer.o(.text)
    exit                                     0x000086e1   Thumb Code    18  exit.o(.text)
    __user_libspace                          0x000086f5   Thumb Code     8  libspace.o(.text)
    __user_perproc_libspace                  0x000086f5   Thumb Code     0  libspace.o(.text)
    __user_perthread_libspace                0x000086f5   Thumb Code     0  libspace.o(.text)
    _sys_exit                                0x000086fd   Thumb Code     8  sys_exit.o(.text)
    __I$use$semihosting                      0x00008709   Thumb Code     0  use_no_semi.o(.text)
    __use_no_semihosting_swi                 0x00008709   Thumb Code     2  use_no_semi.o(.text)
    __semihosting_library_function           0x0000870b   Thumb Code     0  indicate_semi.o(.text)
    _is_digit                                0x0000870b   Thumb Code    14  __printf_wp.o(i._is_digit)
    Region$$Table$$Base                      0x00008d1c   Number         0  anon$$obj.o(Region$$Table)
    Region$$Table$$Limit                     0x00008d4c   Number         0  anon$$obj.o(Region$$Table)
    pixel_matrix                             0x10000000   Data       19200  pet.o(.bss)
    pet_death6                               0x10004b00   Data        1800  pet.o(.bss)
    SystemFrequency                          0x2007c000   Data           4  system_lpc17xx.o(.data)
    ScaleFlag                                0x2007c004   Data           1  system_lpc17xx.o(.data)
    pet_stance1                              0x2007c00e   Data        1800  pet.o(.data)
    pet_stance2                              0x2007c716   Data        1800  pet.o(.data)
    play_pixel_color                         0x2007ce1e   Data         450  pet.o(.data)
    snack_pixel_color                        0x2007cfe0   Data         450  pet.o(.data)
    pet_death1                               0x2007d1a2   Data        1800  pet.o(.data)
    pet_death2                               0x2007d8aa   Data        1800  pet.o(.data)
    pet_death3                               0x2007dfb2   Data        1800  pet.o(.data)
    pet_death4                               0x2007e6ba   Data        1800  pet.o(.data)
    pet_death5                               0x2007edc2   Data        1800  pet.o(.data)
    __libspace_start                         0x2007f4d0   Data          96  libspace.o(.bss)
    __temporary_stack_top$libspace           0x2007f530   Data           0  libspace.o(.bss)



==============================================================================

Memory Map of the image

  Image Entry point : 0x000000cd

  Load Region LR_IROM1 (Base: 0x00000000, Size: 0x0000c21c, Max: 0x00080000, ABSOLUTE, COMPRESSED[0x00008fec])

    Execution Region ER_IROM1 (Exec base: 0x00000000, Load base: 0x00000000, Size: 0x00008d4c, Max: 0x00080000, ABSOLUTE)

    Exec Addr    Load Addr    Size         Type   Attr      Idx    E Section Name        Object

    0x00000000   0x00000000   0x000000cc   Data   RO            3    RESET               startup_lpc17xx.o
    0x000000cc   0x000000cc   0x00000008   Code   RO          447  * !!!main             c_w.l(__main.o)
    0x000000d4   0x000000d4   0x00000034   Code   RO          619    !!!scatter          c_w.l(__scatter.o)
    0x00000108   0x00000108   0x00000064   Code   RO          617    !!dclz77c           c_w.l(__dclz77c.o)
    0x0000016c   0x0000016c   0x0000001c   Code   RO          621    !!handler_zi        c_w.l(__scatter_zi.o)
    0x00000188   0x00000188   0x00000000   Code   RO          442    .ARM.Collect$$_printf_percent$$00000000  c_w.l(_printf_percent.o)
    0x00000188   0x00000188   0x00000006   Code   RO          441    .ARM.Collect$$_printf_percent$$00000009  c_w.l(_printf_d.o)
    0x0000018e   0x0000018e   0x00000004   Code   RO          456    .ARM.Collect$$_printf_percent$$00000017  c_w.l(_printf_percent_end.o)
    0x00000192   0x00000192   0x00000002   Code   RO          485    .ARM.Collect$$libinit$$00000000  c_w.l(libinit.o)
    0x00000194   0x00000194   0x00000000   Code   RO          492    .ARM.Collect$$libinit$$00000002  c_w.l(libinit2.o)
    0x00000194   0x00000194   0x00000000   Code   RO          494    .ARM.Collect$$libinit$$00000004  c_w.l(libinit2.o)
    0x00000194   0x00000194   0x00000000   Code   RO          497    .ARM.Collect$$libinit$$0000000A  c_w.l(libinit2.o)
    0x00000194   0x00000194   0x00000000   Code   RO          499    .ARM.Collect$$libinit$$0000000C  c_w.l(libinit2.o)
    0x00000194   0x00000194   0x00000000   Code   RO          501    .ARM.Collect$$libinit$$0000000E  c_w.l(libinit2.o)
    0x00000194   0x00000194   0x00000000   Code   RO          504    .ARM.Collect$$libinit$$00000011  c_w.l(libinit2.o)
    0x00000194   0x00000194   0x00000000   Code   RO          506    .ARM.Collect$$libinit$$00000013  c_w.l(libinit2.o)
    0x00000194   0x00000194   0x00000000   Code   RO          508    .ARM.Collect$$libinit$$00000015  c_w.l(libinit2.o)
    0x00000194   0x00000194   0x00000000   Code   RO          510    .ARM.Collect$$libinit$$00000017  c_w.l(libinit2.o)
    0x00000194   0x00000194   0x00000000   Code   RO          512    .ARM.Collect$$libinit$$00000019  c_w.l(libinit2.o)
    0x00000194   0x00000194   0x00000000   Code   RO          514    .ARM.Collect$$libinit$$0000001B  c_w.l(libinit2.o)
    0x00000194   0x00000194   0x00000000   Code   RO          516    .ARM.Collect$$libinit$$0000001D  c_w.l(libinit2.o)
    0x00000194   0x00000194   0x00000000   Code   RO          518    .ARM.Collect$$libinit$$0000001F  c_w.l(libinit2.o)
    0x00000194   0x00000194   0x00000000   Code   RO          520    .ARM.Collect$$libinit$$00000021  c_w.l(libinit2.o)
    0x00000194   0x00000194   0x00000000   Code   RO          522    .ARM.Collect$$libinit$$00000023  c_w.l(libinit2.o)
    0x00000194   0x00000194   0x00000000   Code   RO          524    .ARM.Collect$$libinit$$00000025  c_w.l(libinit2.o)
    0x00000194   0x00000194   0x00000000   Code   RO          528    .ARM.Collect$$libinit$$0000002C  c_w.l(libinit2.o)
    0x00000194   0x00000194   0x00000000   Code   RO          530    .ARM.Collect$$libinit$$0000002E  c_w.l(libinit2.o)
    0x00000194   0x00000194   0x00000000   Code   RO          532    .ARM.Collect$$libinit$$00000030  c_w.l(libinit2.o)
    0x00000194   0x00000194   0x00000000   Code   RO          534    .ARM.Collect$$libinit$$00000032  c_w.l(libinit2.o)
    0x00000194   0x00000194   0x00000002   Code   RO          535    .ARM.Collect$$libinit$$00000033  c_w.l(libinit2.o)
    0x00000196   0x00000196   0x00000002   Code   RO          555    .ARM.Collect$$libshutdown$$00000000  c_w.l(libshutdown.o)
    0x00000198   0x00000198   0x00000000   Code   RO          568    .ARM.Collect$$libshutdown$$00000002  c_w.l(libshutdown2.o)
    0x00000198   0x00000198   0x00000000   Code   RO          570    .ARM.Collect$$libshutdown$$00000004  c_w.l(libshutdown2.o)
    0x00000198   0x00000198   0x00000000   Code   RO          572    .ARM.Collect$$libshutdown$$00000006  c_w.l(libshutdown2.o)
    0x00000198   0x00000198   0x00000000   Code   RO          575    .ARM.Collect$$libshutdown$$00000009  c_w.l(libshutdown2.o)
    0x00000198   0x00000198   0x00000000   Code   RO          578    .ARM.Collect$$libshutdown$$0000000C  c_w.l(libshutdown2.o)
    0x00000198   0x00000198   0x00000000   Code   RO          580    .ARM.Collect$$libshutdown$$0000000E  c_w.l(libshutdown2.o)
    0x00000198   0x00000198   0x00000000   Code   RO          583    .ARM.Collect$$libshutdown$$00000011  c_w.l(libshutdown2.o)
    0x00000198   0x00000198   0x00000002   Code   RO          584    .ARM.Collect$$libshutdown$$00000012  c_w.l(libshutdown2.o)
    0x0000019a   0x0000019a   0x00000000   Code   RO          449    .ARM.Collect$$rtentry$$00000000  c_w.l(__rtentry.o)
    0x0000019a   0x0000019a   0x00000000   Code   RO          460    .ARM.Collect$$rtentry$$00000002  c_w.l(__rtentry2.o)
    0x0000019a   0x0000019a   0x00000006   Code   RO          472    .ARM.Collect$$rtentry$$00000004  c_w.l(__rtentry4.o)
    0x000001a0   0x000001a0   0x00000000   Code   RO          462    .ARM.Collect$$rtentry$$00000009  c_w.l(__rtentry2.o)
    0x000001a0   0x000001a0   0x00000004   Code   RO          463    .ARM.Collect$$rtentry$$0000000A  c_w.l(__rtentry2.o)
    0x000001a4   0x000001a4   0x00000000   Code   RO          465    .ARM.Collect$$rtentry$$0000000C  c_w.l(__rtentry2.o)
    0x000001a4   0x000001a4   0x00000008   Code   RO          466    .ARM.Collect$$rtentry$$0000000D  c_w.l(__rtentry2.o)
    0x000001ac   0x000001ac   0x00000002   Code   RO          489    .ARM.Collect$$rtexit$$00000000  c_w.l(rtexit.o)
    0x000001ae   0x000001ae   0x00000000   Code   RO          537    .ARM.Collect$$rtexit$$00000002  c_w.l(rtexit2.o)
    0x000001ae   0x000001ae   0x00000004   Code   RO          538    .ARM.Collect$$rtexit$$00000003  c_w.l(rtexit2.o)
    0x000001b2   0x000001b2   0x00000006   Code   RO          539    .ARM.Collect$$rtexit$$00000004  c_w.l(rtexit2.o)
    0x000001b8   0x000001b8   0x00000034   Code   RO            5    .text               startup_lpc17xx.o
    0x000001ec   0x000001ec   0x00000068   Code   RO           16    .text               sample.o
    0x00000254   0x00000254   0x000000a8   Code   RO          168    .text               lib_timer.o
    0x000002fc   0x000002fc   0x00000004   Code   RO            4    .ARM.__at_0x02FC    startup_lpc17xx.o
    0x00000300   0x00000300   0x0000024c   Code   RO           90    .text               system_lpc17xx.o
    0x0000054c   0x0000054c   0x00000120   Code   RO          117    .text               irq_timer.o
    0x0000066c   0x0000066c   0x00000020   Code   RO          193    .text               asciilib.o
    0x0000068c   0x0000068c   0x00006ddc   Code   RO          213    .text               glcd.o
    0x00007468   0x00007468   0x00000200   Code   RO          259    .text               pet.o
    0x00007668   0x00007668   0x00000aa8   Code   RO          293    .text               tamagotchi.o
    0x00008110   0x00008110   0x00000024   Code   RO          329    .text               lib_joystick.o
    0x00008134   0x00008134   0x00000098   Code   RO          353    .text               irq_rit.o
    0x000081cc   0x000081cc   0x000000c0   Code   RO          384    .text               lib_rit.o
    0x0000828c   0x0000828c   0x00000028   Code   RO          413    .text               c_w.l(noretval__2sprintf.o)
    0x000082b4   0x000082b4   0x0000004e   Code   RO          417    .text               c_w.l(_printf_pad.o)
    0x00008302   0x00008302   0x00000002   PAD
    0x00008304   0x00008304   0x00000078   Code   RO          419    .text               c_w.l(_printf_dec.o)
    0x0000837c   0x0000837c   0x00000138   Code   RO          433    .text               c_w.l(__printf_flags_wp.o)
    0x000084b4   0x000084b4   0x0000008a   Code   RO          443    .text               c_w.l(rt_memcpy_v6.o)
    0x0000853e   0x0000853e   0x00000006   Code   RO          445    .text               c_w.l(heapauxi.o)
    0x00008544   0x00008544   0x000000b2   Code   RO          450    .text               c_w.l(_printf_intcommon.o)
    0x000085f6   0x000085f6   0x00000002   PAD
    0x000085f8   0x000085f8   0x00000030   Code   RO          452    .text               c_w.l(_printf_char_common.o)
    0x00008628   0x00008628   0x0000000a   Code   RO          454    .text               c_w.l(_sputc.o)
    0x00008632   0x00008632   0x00000064   Code   RO          457    .text               c_w.l(rt_memcpy_w.o)
    0x00008696   0x00008696   0x0000004a   Code   RO          476    .text               c_w.l(sys_stackheap_outer.o)
    0x000086e0   0x000086e0   0x00000012   Code   RO          478    .text               c_w.l(exit.o)
    0x000086f2   0x000086f2   0x00000002   PAD
    0x000086f4   0x000086f4   0x00000008   Code   RO          486    .text               c_w.l(libspace.o)
    0x000086fc   0x000086fc   0x0000000c   Code   RO          547    .text               c_w.l(sys_exit.o)
    0x00008708   0x00008708   0x00000002   Code   RO          558    .text               c_w.l(use_no_semi.o)
    0x0000870a   0x0000870a   0x00000000   Code   RO          560    .text               c_w.l(indicate_semi.o)
    0x0000870a   0x0000870a   0x0000000e   Code   RO          431    i._is_digit         c_w.l(__printf_wp.o)
    0x00008718   0x00008718   0x000005f0   Data   RO          194    .constdata          asciilib.o
    0x00008d08   0x00008d08   0x00000011   Data   RO          434    .constdata          c_w.l(__printf_flags_wp.o)
    0x00008d19   0x00008d19   0x00000003   PAD
    0x00008d1c   0x00008d1c   0x00000030   Data   RO          615    Region$$Table       anon$$obj.o


    Execution Region RW_IRAM1 (Exec base: 0x10000000, Load base: 0x00008d4c, Size: 0x00005208, Max: 0x00008000, ABSOLUTE)

    Exec Addr    Load Addr    Size         Type   Attr      Idx    E Section Name        Object

    0x10000000        -       0x00005208   Zero   RW          260    .bss                pet.o


    Execution Region RW_IRAM2 (Exec base: 0x2007c000, Load base: 0x00008d4c, Size: 0x00003730, Max: 0x00008000, ABSOLUTE, COMPRESSED[0x000002a0])

    Exec Addr    Load Addr    Size         Type   Attr      Idx    E Section Name        Object

    0x2007c000   COMPRESSED   0x00000005   Data   RW           91    .data               system_lpc17xx.o
    0x2007c005   COMPRESSED   0x00000004   Data   RW          118    .data               irq_timer.o
    0x2007c009   COMPRESSED   0x00000001   PAD
    0x2007c00a   COMPRESSED   0x00000004   Data   RW          214    .data               glcd.o
    0x2007c00e   COMPRESSED   0x000034bc   Data   RW          261    .data               pet.o
    0x2007f4ca   COMPRESSED   0x00000002   Data   RW          294    .data               tamagotchi.o
    0x2007f4cc   COMPRESSED   0x00000001   Data   RW          354    .data               irq_rit.o
    0x2007f4cd   COMPRESSED   0x00000003   PAD
    0x2007f4d0        -       0x00000060   Zero   RW          487    .bss                c_w.l(libspace.o)
    0x2007f530        -       0x00000000   Zero   RW            2    HEAP                startup_lpc17xx.o
    0x2007f530        -       0x00000200   Zero   RW            1    STACK               startup_lpc17xx.o


==============================================================================

Image component sizes


      Code (inc. data)   RO Data    RW Data    ZI Data      Debug   Object Name

        32          6       1520          0          0       1175   asciilib.o
     28124        166          0          4          0      69041   glcd.o
       152         14          0          1          0        609   irq_rit.o
       288         20          0          4          0      17746   irq_timer.o
        36         10          0          0          0        476   lib_joystick.o
       192         22          0          0          0      27643   lib_rit.o
       168          4          0          0          0       1444   lib_timer.o
       512         34          0      13500      21000       3580   pet.o
       104         12          0          0          0       5023   sample.o
        56         22        204          0        512       1104   startup_lpc17xx.o
       588         36          0          5          0       1005   system_lpc17xx.o
      2728        140          0          2          0       3213   tamagotchi.o

    ----------------------------------------------------------------------
     32980        486       1772      13520      21512     132059   Object Totals
         0          0         48          0          0          0   (incl. Generated)
         0          0          0          4          0          0   (incl. Padding)

    ----------------------------------------------------------------------

      Code (inc. data)   RO Data    RW Data    ZI Data      Debug   Library Member Name

       100          0          0          0          0          0   __dclz77c.o
         8          0          0          0          0         68   __main.o
       312          4         17          0          0         92   __printf_flags_wp.o
        14          0          0          0          0         68   __printf_wp.o
         0          0          0          0          0          0   __rtentry.o
        12          0          0          0          0          0   __rtentry2.o
         6          0          0          0          0          0   __rtentry4.o
        52          8          0          0          0          0   __scatter.o
        28          0          0          0          0          0   __scatter_zi.o
        48          6          0          0          0         96   _printf_char_common.o
         6          0          0          0          0          0   _printf_d.o
       120         16          0          0          0         92   _printf_dec.o
       178          0          0          0          0         88   _printf_intcommon.o
        78          0          0          0          0        108   _printf_pad.o
         0          0          0          0          0          0   _printf_percent.o
         4          0          0          0          0          0   _printf_percent_end.o
        10          0          0          0          0         68   _sputc.o
        18          0          0          0          0         80   exit.o
         6          0          0          0          0        152   heapauxi.o
         0          0          0          0          0          0   indicate_semi.o
         2          0          0          0          0          0   libinit.o
         2          0          0          0          0          0   libinit2.o
         2          0          0          0          0          0   libshutdown.o
         2          0          0          0          0          0   libshutdown2.o
         8          4          0          0         96         68   libspace.o
        40          6          0          0          0         84   noretval__2sprintf.o
       138          0          0          0          0         68   rt_memcpy_v6.o
       100          0          0          0          0         80   rt_memcpy_w.o
         2          0          0          0          0          0   rtexit.o
        10          0          0          0          0          0   rtexit2.o
        12          4          0          0          0         68   sys_exit.o
        74          0          0          0          0         80   sys_stackheap_outer.o
         2          0          0          0          0         68   use_no_semi.o

    ----------------------------------------------------------------------
      1400         48         20          0         96       1428   Library Totals
         6          0          3          0          0          0   (incl. Padding)

    ----------------------------------------------------------------------

      Code (inc. data)   RO Data    RW Data    ZI Data      Debug   Library Name

      1394         48         17          0         96       1428   c_w.l

    ----------------------------------------------------------------------
      1400         48         20          0         96       1428   Library Totals

    ----------------------------------------------------------------------

==============================================================================


      Code (inc. data)   RO Data    RW Data    ZI Data      Debug   

     34380        534       1792      13520      21608     132235   Grand Totals
     34380        534       1792        672      21608     132235   ELF Image Totals (compressed)
     34380        534       1792        672          0          0   ROM Totals

==============================================================================

    Total RO  Size (Code + RO Data)                36172 (  35.32kB)
    Total RW  Size (RW Data + ZI Data)             35128 (  34.30kB)
    Total ROM Size (Code + RO Data + RW Data)      36844 (  35.98kB)

==============================================================================

